Archive member included to satisfy reference by file (symbol)

/home/gombe/bin/esp/esp-idf/examples/peripherals/lcdtest/build/cxx/libcxx.a(cxx_guards.o)
                              (__cxa_guard_dummy)
/home/gombe/bin/esp/esp-idf/examples/peripherals/lcdtest/build/esp32/libesp32.a(panic.o)
                              /home/gombe/bin/esp/esp-idf/examples/peripherals/lcdtest/build/cxx/libcxx.a(cxx_guards.o) (abort)
/home/gombe/bin/esp/esp-idf/examples/peripherals/lcdtest/build/esp32/libesp32.a(system_api.o)
                              /home/gombe/bin/esp/esp-idf/examples/peripherals/lcdtest/build/esp32/libesp32.a(panic.o) (esp_restart_noos)
/home/gombe/bin/esp/esp-idf/examples/peripherals/lcdtest/build/esp32/libesp32.a(cpu_start.o)
                              (call_start_cpu0)
/home/gombe/bin/esp/esp-idf/examples/peripherals/lcdtest/build/esp32/libesp32.a(heap_alloc_caps.o)
                              /home/gombe/bin/esp/esp-idf/examples/peripherals/lcdtest/build/esp32/libesp32.a(cpu_start.o) (heap_alloc_enable_nonos_stack_tag)
/home/gombe/bin/esp/esp-idf/examples/peripherals/lcdtest/build/esp32/libesp32.a(cache_err_int.o)
                              /home/gombe/bin/esp/esp-idf/examples/peripherals/lcdtest/build/esp32/libesp32.a(cpu_start.o) (esp_cache_err_int_init)
/home/gombe/bin/esp/esp-idf/examples/peripherals/lcdtest/build/esp32/libesp32.a(ipc.o)
                              /home/gombe/bin/esp/esp-idf/examples/peripherals/lcdtest/build/esp32/libesp32.a(cpu_start.o) (esp_ipc_init)
/home/gombe/bin/esp/esp-idf/examples/peripherals/lcdtest/build/esp32/libesp32.a(int_wdt.o)
                              /home/gombe/bin/esp/esp-idf/examples/peripherals/lcdtest/build/esp32/libesp32.a(cpu_start.o) (esp_int_wdt_init)
/home/gombe/bin/esp/esp-idf/examples/peripherals/lcdtest/build/esp32/libesp32.a(clk.o)
                              /home/gombe/bin/esp/esp-idf/examples/peripherals/lcdtest/build/esp32/libesp32.a(cpu_start.o) (esp_clk_init)
/home/gombe/bin/esp/esp-idf/examples/peripherals/lcdtest/build/esp32/libesp32.a(task_wdt.o)
                              /home/gombe/bin/esp/esp-idf/examples/peripherals/lcdtest/build/esp32/libesp32.a(cpu_start.o) (esp_task_wdt_init)
/home/gombe/bin/esp/esp-idf/examples/peripherals/lcdtest/build/esp32/libesp32.a(crosscore_int.o)
                              /home/gombe/bin/esp/esp-idf/examples/peripherals/lcdtest/build/esp32/libesp32.a(cpu_start.o) (esp_crosscore_int_init)
/home/gombe/bin/esp/esp-idf/examples/peripherals/lcdtest/build/esp32/libesp32.a(freertos_hooks.o)
                              /home/gombe/bin/esp/esp-idf/examples/peripherals/lcdtest/build/esp32/libesp32.a(task_wdt.o) (esp_register_freertos_idle_hook)
/home/gombe/bin/esp/esp-idf/examples/peripherals/lcdtest/build/esp32/libesp32.a(intr_alloc.o)
                              /home/gombe/bin/esp/esp-idf/examples/peripherals/lcdtest/build/esp32/libesp32.a(task_wdt.o) (esp_intr_alloc)
/home/gombe/bin/esp/esp-idf/components/esp32/libhal.a(int_asm--set_intclear.o)
                              /home/gombe/bin/esp/esp-idf/examples/peripherals/lcdtest/build/esp32/libesp32.a(intr_alloc.o) (xthal_set_intclear)
/home/gombe/bin/esp/esp-idf/examples/peripherals/lcdtest/build/freertos/libfreertos.a(xtensa_intr.o)
                              /home/gombe/bin/esp/esp-idf/examples/peripherals/lcdtest/build/esp32/libesp32.a(intr_alloc.o) (xt_unhandled_interrupt)
/home/gombe/bin/esp/esp-idf/examples/peripherals/lcdtest/build/freertos/libfreertos.a(queue.o)
                              /home/gombe/bin/esp/esp-idf/examples/peripherals/lcdtest/build/esp32/libesp32.a(ipc.o) (xQueueGenericCreate)
/home/gombe/bin/esp/esp-idf/examples/peripherals/lcdtest/build/freertos/libfreertos.a(list.o)
                              /home/gombe/bin/esp/esp-idf/examples/peripherals/lcdtest/build/freertos/libfreertos.a(queue.o) (vListInitialise)
/home/gombe/bin/esp/esp-idf/examples/peripherals/lcdtest/build/freertos/libfreertos.a(port.o)
                              /home/gombe/bin/esp/esp-idf/examples/peripherals/lcdtest/build/freertos/libfreertos.a(queue.o) (vPortCPUInitializeMutex)
/home/gombe/bin/esp/esp-idf/examples/peripherals/lcdtest/build/freertos/libfreertos.a(heap_regions.o)
                              /home/gombe/bin/esp/esp-idf/examples/peripherals/lcdtest/build/esp32/libesp32.a(heap_alloc_caps.o) (pvPortMallocTagged)
/home/gombe/bin/esp/esp-idf/examples/peripherals/lcdtest/build/freertos/libfreertos.a(tasks.o)
                              /home/gombe/bin/esp/esp-idf/examples/peripherals/lcdtest/build/esp32/libesp32.a(cpu_start.o) (xTaskCreatePinnedToCore)
/home/gombe/bin/esp/esp-idf/examples/peripherals/lcdtest/build/freertos/libfreertos.a(timers.o)
                              /home/gombe/bin/esp/esp-idf/examples/peripherals/lcdtest/build/freertos/libfreertos.a(tasks.o) (xTimerCreateTimerTask)
/home/gombe/bin/esp/esp-idf/examples/peripherals/lcdtest/build/freertos/libfreertos.a(xtensa_intr_asm.o)
[...]
Memory Configuration

Name             Origin             Length             Attributes
iram0_0_seg      0x0000000040080000 0x0000000000020000 xr
iram0_2_seg      0x00000000400d0018 0x0000000000330000 xr
dram0_0_seg      0x000000003ffb0000 0x0000000000050000 rw
drom0_0_seg      0x000000003f400010 0x0000000000800000 r
rtc_iram_seg     0x00000000400c0000 0x0000000000002000 xrw
rtc_slow_seg     0x0000000050000000 0x0000000000001000 rw
*default*        0x0000000000000000 0xffffffffffffffff

Linker script and memory map

START GROUP
LOAD /home/gombe/bin/esp/esp-idf/examples/peripherals/lcdtest/build/app_update/libapp_update.a
LOAD /home/gombe/bin/esp/esp-idf/examples/peripherals/lcdtest/build/bootloader_support/libbootloader_support.a
LOAD /home/gombe/bin/esp/esp-idf/examples/peripherals/lcdtest/build/bt/libbt.a
LOAD /home/gombe/bin/esp/esp-idf/examples/peripherals/lcdtest/build/coap/libcoap.a
LOAD /home/gombe/bin/esp/esp-idf/examples/peripherals/lcdtest/build/cxx/libcxx.a
LOAD /home/gombe/bin/esp/esp-idf/examples/peripherals/lcdtest/build/driver/libdriver.a
LOAD /home/gombe/bin/esp/esp-idf/examples/peripherals/lcdtest/build/esp32/libesp32.a
LOAD /home/gombe/bin/esp/esp-idf/components/esp32/libhal.a
LOAD /home/gombe/bin/esp/esp-idf/components/esp32/lib/libcore.a
LOAD /home/gombe/bin/esp/esp-idf/components/esp32/lib/librtc.a
LOAD /home/gombe/bin/esp/esp-idf/examples/peripherals/lcdtest/build/ethernet/libethernet.a
LOAD /home/gombe/bin/esp/esp-idf/examples/peripherals/lcdtest/build/expat/libexpat.a
LOAD /home/gombe/bin/esp/esp-idf/examples/peripherals/lcdtest/build/fatfs/libfatfs.a
LOAD /home/gombe/bin/esp/esp-idf/examples/peripherals/lcdtest/build/freertos/libfreertos.a
LOAD /home/gombe/bin/esp/esp-idf/examples/peripherals/lcdtest/build/jsmn/libjsmn.a
LOAD /home/gombe/bin/esp/esp-idf/examples/peripherals/lcdtest/build/json/libjson.a
LOAD /home/gombe/bin/esp/esp-idf/examples/peripherals/lcdtest/build/log/liblog.a
LOAD /home/gombe/bin/esp/esp-idf/examples/peripherals/lcdtest/build/lwip/liblwip.a
LOAD /home/gombe/bin/esp/esp-idf/examples/peripherals/lcdtest/build/mbedtls/libmbedtls.a
LOAD /home/gombe/bin/esp/esp-idf/examples/peripherals/lcdtest/build/mdns/libmdns.a
LOAD /home/gombe/bin/esp/esp-idf/examples/peripherals/lcdtest/build/micro-ecc/libmicro-ecc.a
LOAD /home/gombe/bin/esp/esp-idf/components/newlib/lib/libc.a
LOAD /home/gombe/bin/esp/esp-idf/components/newlib/lib/libm.a
LOAD /home/gombe/bin/esp/esp-idf/examples/peripherals/lcdtest/build/newlib/libnewlib.a
LOAD /home/gombe/bin/esp/esp-idf/examples/peripherals/lcdtest/build/nghttp/libnghttp.a
LOAD /home/gombe/bin/esp/esp-idf/examples/peripherals/lcdtest/build/nvs_flash/libnvs_flash.a
LOAD /home/gombe/bin/esp/esp-idf/examples/peripherals/lcdtest/build/openssl/libopenssl.a
LOAD /home/gombe/bin/esp/esp-idf/examples/peripherals/lcdtest/build/sdmmc/libsdmmc.a
LOAD /home/gombe/bin/esp/esp-idf/examples/peripherals/lcdtest/build/soc/libsoc.a
LOAD /home/gombe/bin/esp/esp-idf/examples/peripherals/lcdtest/build/spi_flash/libspi_flash.a
LOAD /home/gombe/bin/esp/esp-idf/examples/peripherals/lcdtest/build/tcpip_adapter/libtcpip_adapter.a
LOAD /home/gombe/bin/esp/esp-idf/examples/peripherals/lcdtest/build/ulp/libulp.a
LOAD /home/gombe/bin/esp/esp-idf/examples/peripherals/lcdtest/build/vfs/libvfs.a
LOAD /home/gombe/bin/esp/esp-idf/examples/peripherals/lcdtest/build/wear_levelling/libwear_levelling.a
LOAD /home/gombe/bin/esp/esp-idf/examples/peripherals/lcdtest/build/wpa_supplicant/libwpa_supplicant.a
LOAD /home/gombe/bin/esp/esp-idf/examples/peripherals/lcdtest/build/xtensa-debug-module/libxtensa-debug-module.a
LOAD /home/gombe/bin/esp/esp-idf/examples/peripherals/lcdtest/build/main/libmain.a
LOAD /home/gombe/bin/esp/xtensa-esp32-elf/bin/../lib/gcc/xtensa-esp32-elf/5.2.0/libgcc.a
LOAD /home/gombe/bin/esp/xtensa-esp32-elf/bin/../lib/gcc/xtensa-esp32-elf/5.2.0/../../../../xtensa-esp32-elf/lib/libstdc++.a
END GROUP
                0x0000000040000000                _heap_end = 0x40000000

.rtc.text       0x00000000400c0000        0x0
                0x00000000400c0000                . = ALIGN (0x4)
 *(.rtc.literal .rtc.text)
 *rtc_wake_stub*.o(.literal .text .literal.* .text.*)

.rtc.data       0x0000000050000000        0x0
                0x0000000050000000                _rtc_data_start = ABSOLUTE (.)
 *(.rtc.data)
 *(.rtc.rodata)
 *rtc_wake_stub*.o(.data .rodata .data.* .rodata.* .bss .bss.*)
                0x0000000050000000                _rtc_data_end = ABSOLUTE (.)

.rtc.bss        0x0000000050000000        0x0
                0x0000000050000000                _rtc_bss_start = ABSOLUTE (.)
 *rtc_wake_stub*.o(.bss .bss.*)
 *rtc_wake_stub*.o(COMMON)
                0x0000000050000000                _rtc_bss_end = ABSOLUTE (.)

.iram0.vectors  0x0000000040080000      0x400
                0x0000000040080000                _init_start = ABSOLUTE (.)
                0x0000000000000000                . = 0x0
 *(.WindowVectors.text)
 .WindowVectors.text
                0x0000000040080000      0x16a /home/gombe/bin/esp/esp-idf/examples/peripherals/lcdtest/build/freertos/libfreertos.a(xtensa_vectors.o)
                0x0000000040080000                _WindowOverflow4
                0x0000000040080040                _WindowUnderflow4
                0x0000000040080050                _xt_alloca_exc
                0x0000000040080080                _WindowOverflow8
                0x00000000400800c0                _WindowUnderflow8
                0x0000000040080100                _WindowOverflow12
                0x0000000040080140                _WindowUnderflow12
                0x0000000000000180                . = 0x180
 *fill*         0x000000004008016a       0x16 
 *(.Level2InterruptVector.text)
 .Level2InterruptVector.text
                0x0000000040080180        0x6 /home/gombe/bin/esp/esp-idf/examples/peripherals/lcdtest/build/freertos/libfreertos.a(xtensa_vectors.o)
                0x0000000040080180                _Level2Vector
                0x00000000000001c0                . = 0x1c0
 *fill*         0x0000000040080186       0x3a 
 *(.Level3InterruptVector.text)
 .Level3InterruptVector.text
                0x00000000400801c0        0x6 /home/gombe/bin/esp/esp-idf/examples/peripherals/lcdtest/build/freertos/libfreertos.a(xtensa_vectors.o)
                0x00000000400801c0                _Level3Vector
                0x0000000000000200                . = 0x200
 *fill*         0x00000000400801c6       0x3a 
 *(.Level4InterruptVector.text)
 .Level4InterruptVector.text
                0x0000000040080200        0x6 /home/gombe/bin/esp/esp-idf/examples/peripherals/lcdtest/build/freertos/libfreertos.a(xtensa_vectors.o)
                0x0000000040080200                _Level4Vector
                0x0000000000000240                . = 0x240
 *fill*         0x0000000040080206       0x3a 
 *(.Level5InterruptVector.text)
 .Level5InterruptVector.text
                0x0000000040080240        0x6 /home/gombe/bin/esp/esp-idf/examples/peripherals/lcdtest/build/freertos/libfreertos.a(xtensa_vectors.o)
                0x0000000040080240                _Level5Vector
                0x0000000000000280                . = 0x280
 *fill*         0x0000000040080246       0x3a 
 *(.DebugExceptionVector.text)
 .DebugExceptionVector.text
                0x0000000040080280        0xf /home/gombe/bin/esp/esp-idf/examples/peripherals/lcdtest/build/freertos/libfreertos.a(xtensa_vectors.o)
                0x0000000040080280                _DebugExceptionVector
                0x00000000000002c0                . = 0x2c0
 *fill*         0x000000004008028f       0x31 
 *(.NMIExceptionVector.text)
 .NMIExceptionVector.text
                0x00000000400802c0        0x6 /home/gombe/bin/esp/esp-idf/examples/peripherals/lcdtest/build/freertos/libfreertos.a(xtensa_vectors.o)
                0x00000000400802c0                _NMIExceptionVector
                0x0000000000000300                . = 0x300
 *fill*         0x00000000400802c6       0x3a 
 *(.KernelExceptionVector.text)
 .KernelExceptionVector.text
                0x0000000040080300        0x6 /home/gombe/bin/esp/esp-idf/examples/peripherals/lcdtest/build/freertos/libfreertos.a(xtensa_vectors.o)
                0x0000000040080300                _KernelExceptionVector
                0x0000000000000340                . = 0x340
 *fill*         0x0000000040080306       0x3a 
 *(.UserExceptionVector.text)
 .UserExceptionVector.text
                0x0000000040080340        0x6 /home/gombe/bin/esp/esp-idf/examples/peripherals/lcdtest/build/freertos/libfreertos.a(xtensa_vectors.o)
                0x0000000040080340                _UserExceptionVector
                0x00000000000003c0                . = 0x3c0
 *fill*         0x0000000040080346       0x7a 
 *(.DoubleExceptionVector.text)
 .DoubleExceptionVector.text
                0x00000000400803c0        0xf /home/gombe/bin/esp/esp-idf/examples/peripherals/lcdtest/build/freertos/libfreertos.a(xtensa_vectors.o)
                0x00000000400803c0                _DoubleExceptionVector
                0x0000000000000400                . = 0x400
 *fill*         0x00000000400803cf       0x31 
 *(.*Vector.literal)
 *(.UserEnter.literal)
 *(.UserEnter.text)
                0x0000000040080400                . = ALIGN (0x10)
 *(.entry.text)
 *(.init.literal)
 *(.init)
                0x0000000040080400                _init_end = ABSOLUTE (.)
                0x0000000000000000                _iram_start = 0x0

.iram0.text     0x0000000040080400     0x93f2
                0x0000000040080400                _iram_text_start = ABSOLUTE (.)
 *(.iram1 .iram1.*)
 .iram1.literal
                0x0000000040080400       0x40 /home/gombe/bin/esp/esp-idf/examples/peripherals/lcdtest/build/esp32/libesp32.a(system_api.o)
                                         0x5c (size before relaxing)
 .iram1.literal
                0x0000000040080440       0x70 /home/gombe/bin/esp/esp-idf/examples/peripherals/lcdtest/build/esp32/libesp32.a(cpu_start.o)
                                         0xec (size before relaxing)
 .iram1.literal
                0x00000000400804b0        0xc /home/gombe/bin/esp/esp-idf/examples/peripherals/lcdtest/build/esp32/libesp32.a(cache_err_int.o)
 .iram1.literal
                0x00000000400804bc       0x14 /home/gombe/bin/esp/esp-idf/examples/peripherals/lcdtest/build/esp32/libesp32.a(ipc.o)
                                         0x24 (size before relaxing)
 .iram1.literal
                0x00000000400804d0        0x0 /home/gombe/bin/esp/esp-idf/examples/peripherals/lcdtest/build/esp32/libesp32.a(int_wdt.o)
                                          0x8 (size before relaxing)
 .iram1.literal
                0x00000000400804d0        0x8 /home/gombe/bin/esp/esp-idf/examples/peripherals/lcdtest/build/esp32/libesp32.a(clk.o)
 .iram1.literal
                0x00000000400804d8       0x10 /home/gombe/bin/esp/esp-idf/examples/peripherals/lcdtest/build/esp32/libesp32.a(crosscore_int.o)
                                         0x30 (size before relaxing)
 .iram1.literal
                0x00000000400804e8        0x8 /home/gombe/bin/esp/esp-idf/examples/peripherals/lcdtest/build/esp32/libesp32.a(freertos_hooks.o)
 .iram1.literal
                0x00000000400804f0       0x14 /home/gombe/bin/esp/esp-idf/examples/peripherals/lcdtest/build/esp32/libesp32.a(intr_alloc.o)
                                         0x5c (size before relaxing)
 .iram1.literal
                0x0000000040080504       0x4c /home/gombe/bin/esp/esp-idf/examples/peripherals/lcdtest/build/freertos/libfreertos.a(xtensa_vectors.o)
                                         0x64 (size before relaxing)
 .iram1.literal
                0x0000000040080550       0x2c /home/gombe/bin/esp/esp-idf/examples/peripherals/lcdtest/build/log/liblog.a(log.o)
                                         0x50 (size before relaxing)
 .iram1.literal
                0x000000004008057c       0x34 /home/gombe/bin/esp/esp-idf/examples/peripherals/lcdtest/build/newlib/libnewlib.a(time.o)
                                         0x80 (size before relaxing)
 .iram1.literal
                0x00000000400805b0        0x8 /home/gombe/bin/esp/esp-idf/examples/peripherals/lcdtest/build/newlib/libnewlib.a(reent_init.o)
                                         0x10 (size before relaxing)
 .iram1.literal
                0x00000000400805b8        0x4 /home/gombe/bin/esp/esp-idf/examples/peripherals/lcdtest/build/newlib/libnewlib.a(syscalls.o)
                                         0x1c (size before relaxing)
 .iram1.literal
                0x00000000400805bc       0x14 /home/gombe/bin/esp/esp-idf/examples/peripherals/lcdtest/build/newlib/libnewlib.a(locks.o)
                                        0x16c (size before relaxing)
 .iram1.literal
                0x00000000400805d0       0x14 /home/gombe/bin/esp/esp-idf/examples/peripherals/lcdtest/build/soc/libsoc.a(cpu_util.o)
                                         0x28 (size before relaxing)
 .iram1.literal
                0x00000000400805e4       0x14 /home/gombe/bin/esp/esp-idf/examples/peripherals/lcdtest/build/spi_flash/libspi_flash.a(cache_utils.o)
                                         0x58 (size before relaxing)
 .iram1.literal
                0x00000000400805f8       0x30 /home/gombe/bin/esp/esp-idf/examples/peripherals/lcdtest/build/spi_flash/libspi_flash.a(flash_ops.o)
                                        0x104 (size before relaxing)
 .iram1.literal
                0x0000000040080628       0x34 /home/gombe/bin/esp/esp-idf/examples/peripherals/lcdtest/build/spi_flash/libspi_flash.a(flash_mmap.o)
                                         0x74 (size before relaxing)
 .iram1.literal
                0x000000004008065c       0x18 /home/gombe/bin/esp/esp-idf/examples/peripherals/lcdtest/build/vfs/libvfs.a(vfs_uart.o)
                                         0x48 (size before relaxing)
 .iram1.literal
                0x0000000040080674       0x78 /home/gombe/bin/esp/esp-idf/examples/peripherals/lcdtest/build/driver/libdriver.a(spi_master.o)
                                         0xc0 (size before relaxing)
 .iram1.literal
                0x00000000400806ec       0x1c /home/gombe/bin/esp/esp-idf/examples/peripherals/lcdtest/build/driver/libdriver.a(spi_common.o)
                                         0x64 (size before relaxing)
 .literal.xt_unhandled_interrupt
                0x0000000040080708        0x4 /home/gombe/bin/esp/esp-idf/examples/peripherals/lcdtest/build/freertos/libfreertos.a(xtensa_intr.o)
                                          0x8 (size before relaxing)
 .literal.xt_set_interrupt_handler
                0x000000004008070c        0x8 /home/gombe/bin/esp/esp-idf/examples/peripherals/lcdtest/build/freertos/libfreertos.a(xtensa_intr.o)
                                          0xc (size before relaxing)
 .literal.unlikely.xQueueGenericCreate$part$1
                0x0000000040080714        0xc /home/gombe/bin/esp/esp-idf/examples/peripherals/lcdtest/build/freertos/libfreertos.a(queue.o)
                                         0x14 (size before relaxing)
 .literal.xQueueGenericCreate
                0x0000000040080720        0x0 /home/gombe/bin/esp/esp-idf/examples/peripherals/lcdtest/build/freertos/libfreertos.a(queue.o)
                                         0x1c (size before relaxing)
 .literal.xQueueGetMutexHolder
                0x0000000040080720        0x0 /home/gombe/bin/esp/esp-idf/examples/peripherals/lcdtest/build/freertos/libfreertos.a(queue.o)
                                          0x8 (size before relaxing)
 .literal.xQueueGenericSend
                0x0000000040080720        0xc /home/gombe/bin/esp/esp-idf/examples/peripherals/lcdtest/build/freertos/libfreertos.a(queue.o)
                                         0xa4 (size before relaxing)
 .literal.xQueueCreateMutex
                0x000000004008072c        0x0 /home/gombe/bin/esp/esp-idf/examples/peripherals/lcdtest/build/freertos/libfreertos.a(queue.o)
                                         0x20 (size before relaxing)
 .literal.xQueueGiveMutexRecursive
                0x000000004008072c        0x4 /home/gombe/bin/esp/esp-idf/examples/peripherals/lcdtest/build/freertos/libfreertos.a(queue.o)
                                         0x1c (size before relaxing)
 .literal.xQueueGenericSendFromISR
                0x0000000040080730        0x8 /home/gombe/bin/esp/esp-idf/examples/peripherals/lcdtest/build/freertos/libfreertos.a(queue.o)
                                         0x64 (size before relaxing)
 .literal.xQueueGiveFromISR
                0x0000000040080738        0x4 /home/gombe/bin/esp/esp-idf/examples/peripherals/lcdtest/build/freertos/libfreertos.a(queue.o)
                                         0x4c (size before relaxing)
 .literal.xQueueGenericReceive
                0x000000004008073c        0x4 /home/gombe/bin/esp/esp-idf/examples/peripherals/lcdtest/build/freertos/libfreertos.a(queue.o)
                                         0x70 (size before relaxing)
 .literal.xQueueTakeMutexRecursive
                0x0000000040080740        0x4 /home/gombe/bin/esp/esp-idf/examples/peripherals/lcdtest/build/freertos/libfreertos.a(queue.o)
                                         0x1c (size before relaxing)
 .literal.xQueueReceiveFromISR
                0x0000000040080744        0x4 /home/gombe/bin/esp/esp-idf/examples/peripherals/lcdtest/build/freertos/libfreertos.a(queue.o)
                                         0x30 (size before relaxing)
 .literal.vQueueDelete
                0x0000000040080748        0x4 /home/gombe/bin/esp/esp-idf/examples/peripherals/lcdtest/build/freertos/libfreertos.a(queue.o)
                                         0x18 (size before relaxing)
 .literal.vQueueWaitForMessageRestricted
                0x000000004008074c        0x0 /home/gombe/bin/esp/esp-idf/examples/peripherals/lcdtest/build/freertos/libfreertos.a(queue.o)
                                          0xc (size before relaxing)
 .literal.pxPortInitialiseStack
                0x000000004008074c        0x4 /home/gombe/bin/esp/esp-idf/examples/peripherals/lcdtest/build/freertos/libfreertos.a(port.o)
                                          0xc (size before relaxing)
 .literal.xPortStartScheduler
                0x0000000040080750        0x4 /home/gombe/bin/esp/esp-idf/examples/peripherals/lcdtest/build/freertos/libfreertos.a(port.o)
                                         0x14 (size before relaxing)
 .literal.xPortSysTickHandler
                0x0000000040080754        0x0 /home/gombe/bin/esp/esp-idf/examples/peripherals/lcdtest/build/freertos/libfreertos.a(port.o)
                                          0x8 (size before relaxing)
 .literal.vPortYieldOtherCore
                0x0000000040080754        0x0 /home/gombe/bin/esp/esp-idf/examples/peripherals/lcdtest/build/freertos/libfreertos.a(port.o)
                                          0x4 (size before relaxing)
 .literal.xPortInIsrContext
                0x0000000040080754        0x4 /home/gombe/bin/esp/esp-idf/examples/peripherals/lcdtest/build/freertos/libfreertos.a(port.o)
                                          0x8 (size before relaxing)
 .literal.vPortCPUInitializeMutex
                0x0000000040080758        0x4 /home/gombe/bin/esp/esp-idf/examples/peripherals/lcdtest/build/freertos/libfreertos.a(port.o)
 .literal.pvPortMallocTagged
                0x000000004008075c       0x28 /home/gombe/bin/esp/esp-idf/examples/peripherals/lcdtest/build/freertos/libfreertos.a(heap_regions.o)
                                         0x44 (size before relaxing)
 .literal.vPortFreeTagged
                0x0000000040080784        0x4 /home/gombe/bin/esp/esp-idf/examples/peripherals/lcdtest/build/freertos/libfreertos.a(heap_regions.o)
                                         0x44 (size before relaxing)
 .literal.vPortDefineHeapRegionsTagged
                0x0000000040080788        0x4 /home/gombe/bin/esp/esp-idf/examples/peripherals/lcdtest/build/freertos/libfreertos.a(heap_regions.o)
                                         0x64 (size before relaxing)
 .literal.unlikely.vTaskSetTimeOutState$part$4
                0x000000004008078c       0x10 /home/gombe/bin/esp/esp-idf/examples/peripherals/lcdtest/build/freertos/libfreertos.a(tasks.o)
                                         0x18 (size before relaxing)
 .literal.prvIdleTask
                0x000000004008079c       0x1c /home/gombe/bin/esp/esp-idf/examples/peripherals/lcdtest/build/freertos/libfreertos.a(tasks.o)
                                         0x54 (size before relaxing)
 .literal.prvAddNewTaskToReadyList$isra$6
                0x00000000400807b8       0x30 /home/gombe/bin/esp/esp-idf/examples/peripherals/lcdtest/build/freertos/libfreertos.a(tasks.o)
                                         0x94 (size before relaxing)
 .literal.xTaskCreatePinnedToCore
                0x00000000400807e8        0x0 /home/gombe/bin/esp/esp-idf/examples/peripherals/lcdtest/build/freertos/libfreertos.a(tasks.o)
                                         0x28 (size before relaxing)
 .literal.vTaskDelete
                0x00000000400807e8        0xc /home/gombe/bin/esp/esp-idf/examples/peripherals/lcdtest/build/freertos/libfreertos.a(tasks.o)
                                         0x64 (size before relaxing)
 .literal.vTaskDelay
                0x00000000400807f4        0x8 /home/gombe/bin/esp/esp-idf/examples/peripherals/lcdtest/build/freertos/libfreertos.a(tasks.o)
                                         0x50 (size before relaxing)
 .literal.vTaskStartScheduler
                0x00000000400807fc        0x8 /home/gombe/bin/esp/esp-idf/examples/peripherals/lcdtest/build/freertos/libfreertos.a(tasks.o)
                                         0x50 (size before relaxing)
 .literal.__getreent
                0x0000000040080804        0x0 /home/gombe/bin/esp/esp-idf/examples/peripherals/lcdtest/build/freertos/libfreertos.a(tasks.o)
                                          0xc (size before relaxing)
 .literal.vTaskSuspendAll
                0x0000000040080804        0x0 /home/gombe/bin/esp/esp-idf/examples/peripherals/lcdtest/build/freertos/libfreertos.a(tasks.o)
                                          0x8 (size before relaxing)
 .literal.xTaskGetTickCount
                0x0000000040080804        0x4 /home/gombe/bin/esp/esp-idf/examples/peripherals/lcdtest/build/freertos/libfreertos.a(tasks.o)
                                         0x1c (size before relaxing)
 .literal.pcTaskGetTaskName
                0x0000000040080808        0x8 /home/gombe/bin/esp/esp-idf/examples/peripherals/lcdtest/build/freertos/libfreertos.a(tasks.o)
                                         0x20 (size before relaxing)
 .literal.xTaskIncrementTick
                0x0000000040080810       0x14 /home/gombe/bin/esp/esp-idf/examples/peripherals/lcdtest/build/freertos/libfreertos.a(tasks.o)
                                         0x7c (size before relaxing)
 .literal.xTaskResumeAll
                0x0000000040080824        0xc /home/gombe/bin/esp/esp-idf/examples/peripherals/lcdtest/build/freertos/libfreertos.a(tasks.o)
                                         0x64 (size before relaxing)
 .literal.vTaskSwitchContext
                0x0000000040080830        0x8 /home/gombe/bin/esp/esp-idf/examples/peripherals/lcdtest/build/freertos/libfreertos.a(tasks.o)
                                         0x38 (size before relaxing)
 .literal.vTaskPlaceOnEventList
                0x0000000040080838        0x8 /home/gombe/bin/esp/esp-idf/examples/peripherals/lcdtest/build/freertos/libfreertos.a(tasks.o)
                                         0x58 (size before relaxing)
 .literal.vTaskPlaceOnEventListRestricted
                0x0000000040080840        0x8 /home/gombe/bin/esp/esp-idf/examples/peripherals/lcdtest/build/freertos/libfreertos.a(tasks.o)
                                         0x50 (size before relaxing)
 .literal.xTaskRemoveFromEventList
                0x0000000040080848        0x8 /home/gombe/bin/esp/esp-idf/examples/peripherals/lcdtest/build/freertos/libfreertos.a(tasks.o)
                                         0x60 (size before relaxing)
 .literal.vTaskSetTimeOutState
                0x0000000040080850        0x0 /home/gombe/bin/esp/esp-idf/examples/peripherals/lcdtest/build/freertos/libfreertos.a(tasks.o)
                                          0xc (size before relaxing)
 .literal.xTaskCheckForTimeOut
                0x0000000040080850        0xc /home/gombe/bin/esp/esp-idf/examples/peripherals/lcdtest/build/freertos/libfreertos.a(tasks.o)
                                         0x44 (size before relaxing)
 .literal.xTaskGetAffinity
                0x000000004008085c        0x0 /home/gombe/bin/esp/esp-idf/examples/peripherals/lcdtest/build/freertos/libfreertos.a(tasks.o)
                                          0x8 (size before relaxing)
 .literal.xTaskGetCurrentTaskHandle
                0x000000004008085c        0x0 /home/gombe/bin/esp/esp-idf/examples/peripherals/lcdtest/build/freertos/libfreertos.a(tasks.o)
                                          0x8 (size before relaxing)
 .literal.xTaskGetCurrentTaskHandleForCPU
                0x000000004008085c        0x0 /home/gombe/bin/esp/esp-idf/examples/peripherals/lcdtest/build/freertos/libfreertos.a(tasks.o)
                                          0x4 (size before relaxing)
 .literal.xTaskGetSchedulerState
                0x000000004008085c        0x0 /home/gombe/bin/esp/esp-idf/examples/peripherals/lcdtest/build/freertos/libfreertos.a(tasks.o)
                                          0xc (size before relaxing)
 .literal.vTaskPriorityInherit
                0x000000004008085c        0x0 /home/gombe/bin/esp/esp-idf/examples/peripherals/lcdtest/build/freertos/libfreertos.a(tasks.o)
                                         0x38 (size before relaxing)
 .literal.xTaskPriorityDisinherit
                0x000000004008085c        0x8 /home/gombe/bin/esp/esp-idf/examples/peripherals/lcdtest/build/freertos/libfreertos.a(tasks.o)
                                         0x50 (size before relaxing)
 .literal.vTaskEnterCritical
                0x0000000040080864        0x0 /home/gombe/bin/esp/esp-idf/examples/peripherals/lcdtest/build/freertos/libfreertos.a(tasks.o)
                                          0xc (size before relaxing)
 .literal.vTaskExitCritical
                0x0000000040080864        0x0 /home/gombe/bin/esp/esp-idf/examples/peripherals/lcdtest/build/freertos/libfreertos.a(tasks.o)
                                         0x10 (size before relaxing)
 .literal.pvTaskIncrementMutexHeldCount
                0x0000000040080864        0x0 /home/gombe/bin/esp/esp-idf/examples/peripherals/lcdtest/build/freertos/libfreertos.a(tasks.o)
                                         0x18 (size before relaxing)
 .literal.unlikely.prvCheckForValidListAndQueue$part$1
                0x0000000040080864        0xc /home/gombe/bin/esp/esp-idf/examples/peripherals/lcdtest/build/freertos/libfreertos.a(timers.o)
                                         0x14 (size before relaxing)
 .literal.prvSwitchTimerLists
                0x0000000040080870       0x10 /home/gombe/bin/esp/esp-idf/examples/peripherals/lcdtest/build/freertos/libfreertos.a(timers.o)
                                         0x30 (size before relaxing)
 .literal.xTimerCreateTimerTask
                0x0000000040080880       0x1c /home/gombe/bin/esp/esp-idf/examples/peripherals/lcdtest/build/freertos/libfreertos.a(timers.o)
                                         0x58 (size before relaxing)
 .literal.xTimerGenericCommand
                0x000000004008089c        0x0 /home/gombe/bin/esp/esp-idf/examples/peripherals/lcdtest/build/freertos/libfreertos.a(timers.o)
                                         0x14 (size before relaxing)
 .literal.prvTimerTask
                0x000000004008089c        0xc /home/gombe/bin/esp/esp-idf/examples/peripherals/lcdtest/build/freertos/libfreertos.a(timers.o)
                                         0x94 (size before relaxing)
 .literal       0x00000000400808a8        0x0 /home/gombe/bin/esp/esp-idf/examples/peripherals/lcdtest/build/freertos/libfreertos.a(xtensa_context.o)
                                         0x10 (size before relaxing)
 .literal       0x00000000400808a8       0x10 /home/gombe/bin/esp/esp-idf/examples/peripherals/lcdtest/build/freertos/libfreertos.a(portasm.o)
                                         0x54 (size before relaxing)
 .literal._xt_tick_divisor_init
                0x00000000400808b8        0x4 /home/gombe/bin/esp/esp-idf/examples/peripherals/lcdtest/build/freertos/libfreertos.a(xtensa_init.o)
                                          0x8 (size before relaxing)
 .literal.panicPutHex
                0x00000000400808bc        0x4 /home/gombe/bin/esp/esp-idf/examples/peripherals/lcdtest/build/esp32/libesp32.a(panic.o)
                                          0x8 (size before relaxing)
 .literal.unlikely.putEntry
                0x00000000400808c0       0x10 /home/gombe/bin/esp/esp-idf/examples/peripherals/lcdtest/build/esp32/libesp32.a(panic.o)
                                         0x20 (size before relaxing)
 .literal.commonErrorHandler
                0x00000000400808d0       0x4c /home/gombe/bin/esp/esp-idf/examples/peripherals/lcdtest/build/esp32/libesp32.a(panic.o)
                                         0xa0 (size before relaxing)
 .literal.abort
                0x000000004008091c        0x8 /home/gombe/bin/esp/esp-idf/examples/peripherals/lcdtest/build/esp32/libesp32.a(panic.o)
                                         0x10 (size before relaxing)
 .literal.vApplicationStackOverflowHook
                0x0000000040080924        0x8 /home/gombe/bin/esp/esp-idf/examples/peripherals/lcdtest/build/esp32/libesp32.a(panic.o)
                                         0x14 (size before relaxing)
 .literal.panicHandler
                0x000000004008092c       0x3c /home/gombe/bin/esp/esp-idf/examples/peripherals/lcdtest/build/esp32/libesp32.a(panic.o)
                                         0x5c (size before relaxing)
 .literal.xt_unhandled_exception
                0x0000000040080968       0x1c /home/gombe/bin/esp/esp-idf/examples/peripherals/lcdtest/build/esp32/libesp32.a(panic.o)
                                         0x34 (size before relaxing)
 .literal.esp_panic_wdt_stop
                0x0000000040080984        0x0 /home/gombe/bin/esp/esp-idf/examples/peripherals/lcdtest/build/esp32/libesp32.a(panic.o)
                                         0x18 (size before relaxing)
 .literal.disable_mem_region
                0x0000000040080984        0xc /home/gombe/bin/esp/esp-idf/examples/peripherals/lcdtest/build/esp32/libesp32.a(heap_alloc_caps.o)
                                         0x14 (size before relaxing)
 .literal.heap_alloc_enable_nonos_stack_tag
                0x0000000040080990        0x4 /home/gombe/bin/esp/esp-idf/examples/peripherals/lcdtest/build/esp32/libesp32.a(heap_alloc_caps.o)
 .literal.heap_alloc_caps_init
                0x0000000040080994       0x44 /home/gombe/bin/esp/esp-idf/examples/peripherals/lcdtest/build/esp32/libesp32.a(heap_alloc_caps.o)
                                         0x84 (size before relaxing)
 .literal.vPortFree
                0x00000000400809d8        0x8 /home/gombe/bin/esp/esp-idf/examples/peripherals/lcdtest/build/esp32/libesp32.a(heap_alloc_caps.o)
                                         0x10 (size before relaxing)
 .literal.pvPortMallocCaps
                0x00000000400809e0       0x20 /home/gombe/bin/esp/esp-idf/examples/peripherals/lcdtest/build/esp32/libesp32.a(heap_alloc_caps.o)
                                         0x54 (size before relaxing)
 .literal.pvPortMalloc
                0x0000000040080a00        0x0 /home/gombe/bin/esp/esp-idf/examples/peripherals/lcdtest/build/esp32/libesp32.a(heap_alloc_caps.o)
                                          0x4 (size before relaxing)
 .literal.rtc_clk_slow_freq_set
                0x0000000040080a00        0x8 /home/gombe/bin/esp/esp-idf/examples/peripherals/lcdtest/build/soc/libsoc.a(rtc_clk.o)
                                          0xc (size before relaxing)
 .literal.rtc_clk_slow_freq_get_hz
                0x0000000040080a08        0x4 /home/gombe/bin/esp/esp-idf/examples/peripherals/lcdtest/build/soc/libsoc.a(rtc_clk.o)
                                          0x8 (size before relaxing)
 .literal.rtc_clk_fast_freq_set
                0x0000000040080a0c        0x0 /home/gombe/bin/esp/esp-idf/examples/peripherals/lcdtest/build/soc/libsoc.a(rtc_clk.o)
                                          0xc (size before relaxing)
 .literal.rtc_clk_bbpll_set
                0x0000000040080a0c       0x24 /home/gombe/bin/esp/esp-idf/examples/peripherals/lcdtest/build/soc/libsoc.a(rtc_clk.o)
                                         0x60 (size before relaxing)
 .literal.rtc_clk_cpu_freq_set
                0x0000000040080a30       0x34 /home/gombe/bin/esp/esp-idf/examples/peripherals/lcdtest/build/soc/libsoc.a(rtc_clk.o)
                                         0x78 (size before relaxing)
 .literal.rtc_clk_xtal_freq_get
                0x0000000040080a64        0x0 /home/gombe/bin/esp/esp-idf/examples/peripherals/lcdtest/build/soc/libsoc.a(rtc_clk.o)
                                         0x14 (size before relaxing)
 .literal.rtc_clk_apb_freq_get
                0x0000000040080a64        0x0 /home/gombe/bin/esp/esp-idf/examples/peripherals/lcdtest/build/soc/libsoc.a(rtc_clk.o)
                                          0x4 (size before relaxing)
 .literal.rtc_clk_cal_internal
                0x0000000040080a64       0x1c /home/gombe/bin/esp/esp-idf/examples/peripherals/lcdtest/build/soc/libsoc.a(rtc_time.o)
                                         0x48 (size before relaxing)
 .literal.rtc_clk_cal
                0x0000000040080a80        0x0 /home/gombe/bin/esp/esp-idf/examples/peripherals/lcdtest/build/soc/libsoc.a(rtc_time.o)
                                          0xc (size before relaxing)
 .literal.rtc_time_get
                0x0000000040080a80       0x10 /home/gombe/bin/esp/esp-idf/examples/peripherals/lcdtest/build/soc/libsoc.a(rtc_time.o)
                                         0x1c (size before relaxing)
 .literal.rtc_init
                0x0000000040080a90       0x60 /home/gombe/bin/esp/esp-idf/examples/peripherals/lcdtest/build/soc/libsoc.a(rtc_init.o)
                                         0xb4 (size before relaxing)
 .literal       0x0000000040080af0        0x0 /home/gombe/bin/esp/esp-idf/components/esp32/libhal.a(windowspill_asm.o)
                                          0x4 (size before relaxing)
 .literal.esp_rom_spiflash_program_page_internal$part$0$constprop$6
                0x0000000040080af0       0x40 /home/gombe/bin/esp/esp-idf/examples/peripherals/lcdtest/build/spi_flash/libspi_flash.a(spi_flash_rom_patch.o)
                                         0x60 (size before relaxing)
 .literal.esp_rom_spiflash_unlock
                0x0000000040080b30        0x8 /home/gombe/bin/esp/esp-idf/examples/peripherals/lcdtest/build/spi_flash/libspi_flash.a(spi_flash_rom_patch.o)
                                         0x48 (size before relaxing)
 .literal.esp_rom_spiflash_erase_block
                0x0000000040080b38        0xc /home/gombe/bin/esp/esp-idf/examples/peripherals/lcdtest/build/spi_flash/libspi_flash.a(spi_flash_rom_patch.o)
                                         0x50 (size before relaxing)
 .literal.esp_rom_spiflash_erase_sector
                0x0000000040080b44        0x0 /home/gombe/bin/esp/esp-idf/examples/peripherals/lcdtest/build/spi_flash/libspi_flash.a(spi_flash_rom_patch.o)
                                         0x50 (size before relaxing)
 .literal.esp_rom_spiflash_write
                0x0000000040080b44        0x0 /home/gombe/bin/esp/esp-idf/examples/peripherals/lcdtest/build/spi_flash/libspi_flash.a(spi_flash_rom_patch.o)
                                         0x28 (size before relaxing)
 .literal.esp_rom_spiflash_write_encrypted
                0x0000000040080b44        0xc /home/gombe/bin/esp/esp-idf/examples/peripherals/lcdtest/build/spi_flash/libspi_flash.a(spi_flash_rom_patch.o)
                                         0x34 (size before relaxing)
 .literal.esp_rom_spiflash_read
                0x0000000040080b50       0x50 /home/gombe/bin/esp/esp-idf/examples/peripherals/lcdtest/build/spi_flash/libspi_flash.a(spi_flash_rom_patch.o)
                                         0xbc (size before relaxing)
 .iram1         0x0000000040080ba0      0x131 /home/gombe/bin/esp/esp-idf/examples/peripherals/lcdtest/build/esp32/libesp32.a(system_api.o)
                                        0x13c (size before relaxing)
                0x0000000040080ba0                esp_restart_noos
                0x0000000040080cc8                esp_restart
                0x0000000040080cc8                system_restart
 *fill*         0x0000000040080cd1        0x3 
 .iram1         0x0000000040080cd4      0x1b0 /home/gombe/bin/esp/esp-idf/examples/peripherals/lcdtest/build/esp32/libesp32.a(cpu_start.o)
                                        0x200 (size before relaxing)
                0x0000000040080cd4                start_cpu0
                0x0000000040080cd4                start_cpu0_default
                0x0000000040080d8c                call_start_cpu0
 .iram1         0x0000000040080e84       0x2a /home/gombe/bin/esp/esp-idf/examples/peripherals/lcdtest/build/esp32/libesp32.a(cache_err_int.o)
                0x0000000040080e84                esp_cache_err_get_cpuid
 *fill*         0x0000000040080eae        0x2 
 .iram1         0x0000000040080eb0       0x63 /home/gombe/bin/esp/esp-idf/examples/peripherals/lcdtest/build/esp32/libesp32.a(ipc.o)
                                         0x6b (size before relaxing)
 *fill*         0x0000000040080f13        0x1 
 .iram1         0x0000000040080f14       0x3a /home/gombe/bin/esp/esp-idf/examples/peripherals/lcdtest/build/esp32/libesp32.a(int_wdt.o)
 *fill*         0x0000000040080f4e        0x2 
 .iram1         0x0000000040080f50        0xf /home/gombe/bin/esp/esp-idf/examples/peripherals/lcdtest/build/esp32/libesp32.a(clk.o)
                0x0000000040080f50                ets_update_cpu_frequency
 *fill*         0x0000000040080f5f        0x1 
 .iram1         0x0000000040080f60       0x82 /home/gombe/bin/esp/esp-idf/examples/peripherals/lcdtest/build/esp32/libesp32.a(crosscore_int.o)
                                         0x8e (size before relaxing)
                0x0000000040080fa4                esp_crosscore_int_send_yield
 *fill*         0x0000000040080fe2        0x2 
 .iram1         0x0000000040080fe4       0x19 /home/gombe/bin/esp/esp-idf/examples/peripherals/lcdtest/build/esp32/libesp32.a(freertos_hooks.o)
                0x0000000040080fe4                esp_vApplicationTickHook
 *fill*         0x0000000040080ffd        0x3 
 .iram1         0x0000000040081000      0x1de /home/gombe/bin/esp/esp-idf/examples/peripherals/lcdtest/build/esp32/libesp32.a(intr_alloc.o)
                                        0x1f6 (size before relaxing)
                0x000000004008103c                esp_intr_enable
                0x00000000400810b8                esp_intr_disable
                0x0000000040081140                esp_intr_noniram_disable
                0x000000004008118c                esp_intr_noniram_enable
                0x00000000400811c8                ets_isr_unmask
                0x00000000400811d4                ets_isr_mask
 *fill*         0x00000000400811de        0x2 
 .iram1         0x00000000400811e0      0x4e6 /home/gombe/bin/esp/esp-idf/examples/peripherals/lcdtest/build/freertos/libfreertos.a(xtensa_vectors.o)
                0x00000000400811e0                _xt_panic
                0x00000000400812ec                _xt_user_exit
                0x00000000400815ac                _xt_medint2_exit
                0x0000000040081630                _xt_medint3_exit
 *fill*         0x00000000400816c6        0x2 
 .iram1         0x00000000400816c8      0x229 /home/gombe/bin/esp/esp-idf/examples/peripherals/lcdtest/build/log/liblog.a(log.o)
                                        0x23c (size before relaxing)
                0x00000000400816c8                esp_log_write
                0x00000000400818a0                esp_log_early_timestamp
                0x00000000400818b4                esp_log_timestamp
 *fill*         0x00000000400818f1        0x3 
 .iram1         0x00000000400818f4      0x16c /home/gombe/bin/esp/esp-idf/examples/peripherals/lcdtest/build/newlib/libnewlib.a(time.o)
                                        0x17c (size before relaxing)
                0x0000000040081934                _times_r
                0x00000000400819c8                _gettimeofday_r
 .iram1         0x0000000040081a60       0x3c /home/gombe/bin/esp/esp-idf/examples/peripherals/lcdtest/build/newlib/libnewlib.a(reent_init.o)
                0x0000000040081a60                esp_reent_init
 .iram1         0x0000000040081a9c       0x62 /home/gombe/bin/esp/esp-idf/examples/peripherals/lcdtest/build/newlib/libnewlib.a(syscalls.o)
                                         0x6e (size before relaxing)
                0x0000000040081a9c                _malloc_r
                0x0000000040081aa8                _free_r
                0x0000000040081ab4                _realloc_r
                0x0000000040081ae0                _calloc_r
 *fill*         0x0000000040081afe        0x2 
 .iram1         0x0000000040081b00      0x30b /home/gombe/bin/esp/esp-idf/examples/peripherals/lcdtest/build/newlib/libnewlib.a(locks.o)
                                        0x3a7 (size before relaxing)
                0x0000000040081b00                _lock_init
                0x0000000040081b3c                _lock_init_recursive
                0x0000000040081b78                _lock_close
                0x0000000040081bb8                _lock_acquire
                0x0000000040081c44                _lock_acquire_recursive
                0x0000000040081cac                _lock_try_acquire
                0x0000000040081d48                _lock_try_acquire_recursive
                0x0000000040081dc0                _lock_release
                0x0000000040081df4                _lock_release_recursive
 *fill*         0x0000000040081e0b        0x1 
 .iram1         0x0000000040081e0c       0xdf /home/gombe/bin/esp/esp-idf/examples/peripherals/lcdtest/build/soc/libsoc.a(cpu_util.o)
                0x0000000040081e0c                esp_cpu_stall
                0x0000000040081e98                esp_cpu_unstall
                0x0000000040081ee4                esp_cpu_in_ocd_debug_mode
 *fill*         0x0000000040081eeb        0x1 
 .iram1         0x0000000040081eec      0x116 /home/gombe/bin/esp/esp-idf/examples/peripherals/lcdtest/build/spi_flash/libspi_flash.a(cache_utils.o)
                                        0x11e (size before relaxing)
                0x0000000040081eec                spi_flash_disable_interrupts_caches_and_other_cpu
                0x0000000040081f30                spi_flash_enable_interrupts_caches_and_other_cpu
                0x0000000040081f70                spi_flash_disable_interrupts_caches_and_other_cpu_no_os
                0x0000000040081fa8                spi_flash_enable_interrupts_caches_no_os
                0x0000000040081fe4                spi_flash_cache_enabled
 *fill*         0x0000000040082002        0x2 
 .iram1         0x0000000040082004      0x6ee /home/gombe/bin/esp/esp-idf/examples/peripherals/lcdtest/build/spi_flash/libspi_flash.a(flash_ops.o)
                                        0x716 (size before relaxing)
                0x00000000400820a8                spi_flash_guard_set
                0x00000000400820b4                spi_flash_get_chip_size
                0x00000000400820c0                spi_flash_erase_sector
                0x00000000400820e0                spi_flash_erase_range
                0x000000004008210c                spi_flash_write
                0x0000000040082334                spi_flash_write_encrypted
                0x0000000040082510                spi_flash_read
                0x00000000400826ac                spi_flash_read_encrypted
 *fill*         0x00000000400826f2        0x2 
 .iram1         0x00000000400826f4      0x38a /home/gombe/bin/esp/esp-idf/examples/peripherals/lcdtest/build/spi_flash/libspi_flash.a(flash_mmap.o)
                                        0x392 (size before relaxing)
                0x00000000400826f4                spi_flash_mmap
                0x00000000400829ac                spi_flash_munmap
                0x0000000040082a2c                spi_flash_mark_modified_region
 *fill*         0x0000000040082a7e        0x2 
 .iram1         0x0000000040082a80      0x166 /home/gombe/bin/esp/esp-idf/examples/peripherals/lcdtest/build/vfs/libvfs.a(vfs_uart.o)
                                        0x172 (size before relaxing)
 *fill*         0x0000000040082be6        0x2 
 .iram1         0x0000000040082be8      0x9aa /home/gombe/bin/esp/esp-idf/examples/peripherals/lcdtest/build/driver/libdriver.a(spi_master.o)
                                        0x9b2 (size before relaxing)
 *fill*         0x0000000040083592        0x2 
 .iram1         0x0000000040083594       0xfe /home/gombe/bin/esp/esp-idf/examples/peripherals/lcdtest/build/driver/libdriver.a(spi_common.o)
                                        0x106 (size before relaxing)
                0x0000000040083594                spicommon_dmaworkaround_req_reset
                0x0000000040083600                spicommon_dmaworkaround_reset_in_progress
                0x0000000040083614                spicommon_dmaworkaround_idle
                0x0000000040083670                spicommon_dmaworkaround_transfer_active
 *fill*         0x0000000040083692        0x0 
 *fill*         0x0000000040083692        0x0 
 *fill*         0x0000000040083692        0x0 
 *fill*         0x0000000040083692        0x0 
 *fill*         0x0000000040083692        0x0 
 *fill*         0x0000000040083692        0x0 
 *fill*         0x0000000040083692        0x0 
 *fill*         0x0000000040083692        0x0 
 *fill*         0x0000000040083692        0x0 
 *fill*         0x0000000040083692        0x0 
 *fill*         0x0000000040083692        0x0 
 *fill*         0x0000000040083692        0x0 
 *fill*         0x0000000040083692        0x0 
 *fill*         0x0000000040083692        0x0 
 *fill*         0x0000000040083692        0x0 
 *fill*         0x0000000040083692        0x0 
 *libfreertos.a:(.literal .text .literal.* .text.*)
 *fill*         0x0000000040083692        0x2 
 .text.xt_unhandled_interrupt
                0x0000000040083694       0x16 /home/gombe/bin/esp/esp-idf/examples/peripherals/lcdtest/build/freertos/libfreertos.a(xtensa_intr.o)
                0x0000000040083694                xt_unhandled_interrupt
 *fill*         0x00000000400836aa        0x2 
 .text.xt_set_interrupt_handler
                0x00000000400836ac       0x38 /home/gombe/bin/esp/esp-idf/examples/peripherals/lcdtest/build/freertos/libfreertos.a(xtensa_intr.o)
                0x00000000400836ac                xt_set_interrupt_handler
 .text.unlikely.xQueueGenericCreate$part$1
                0x00000000400836e4       0x18 /home/gombe/bin/esp/esp-idf/examples/peripherals/lcdtest/build/freertos/libfreertos.a(queue.o)
                                         0x1b (size before relaxing)
 *fill*         0x00000000400836fc        0x0 
 .text.xQueueGenericCreate
                0x00000000400836fc       0x69 /home/gombe/bin/esp/esp-idf/examples/peripherals/lcdtest/build/freertos/libfreertos.a(queue.o)
                                         0x80 (size before relaxing)
                0x00000000400836fc                xQueueGenericCreate
 *fill*         0x0000000040083765        0x3 
 .text.xQueueGetMutexHolder
                0x0000000040083768       0x20 /home/gombe/bin/esp/esp-idf/examples/peripherals/lcdtest/build/freertos/libfreertos.a(queue.o)
                                         0x24 (size before relaxing)
                0x0000000040083768                xQueueGetMutexHolder
 .text.xQueueGenericSend
                0x0000000040083788      0x2d4 /home/gombe/bin/esp/esp-idf/examples/peripherals/lcdtest/build/freertos/libfreertos.a(queue.o)
                                        0x313 (size before relaxing)
                0x0000000040083788                xQueueGenericSend
 *fill*         0x0000000040083a5c        0x0 
 .text.xQueueCreateMutex
                0x0000000040083a5c       0x70 /home/gombe/bin/esp/esp-idf/examples/peripherals/lcdtest/build/freertos/libfreertos.a(queue.o)
                                         0x88 (size before relaxing)
                0x0000000040083a5c                xQueueCreateMutex
 .text.xQueueGiveMutexRecursive
                0x0000000040083acc       0x41 /home/gombe/bin/esp/esp-idf/examples/peripherals/lcdtest/build/freertos/libfreertos.a(queue.o)
                                         0x45 (size before relaxing)
                0x0000000040083acc                xQueueGiveMutexRecursive
 *fill*         0x0000000040083b0d        0x3 
 .text.xQueueGenericSendFromISR
                0x0000000040083b10      0x23e /home/gombe/bin/esp/esp-idf/examples/peripherals/lcdtest/build/freertos/libfreertos.a(queue.o)
                                        0x256 (size before relaxing)
                0x0000000040083b10                xQueueGenericSendFromISR
 *fill*         0x0000000040083d4e        0x2 
 .text.xQueueGiveFromISR
                0x0000000040083d50      0x14a /home/gombe/bin/esp/esp-idf/examples/peripherals/lcdtest/build/freertos/libfreertos.a(queue.o)
                                        0x15e (size before relaxing)
                0x0000000040083d50                xQueueGiveFromISR
 *fill*         0x0000000040083e9a        0x2 
 .text.xQueueGenericReceive
                0x0000000040083e9c      0x155 /home/gombe/bin/esp/esp-idf/examples/peripherals/lcdtest/build/freertos/libfreertos.a(queue.o)
                                        0x184 (size before relaxing)
                0x0000000040083e9c                xQueueGenericReceive
 *fill*         0x0000000040083ff1        0x3 
 .text.xQueueTakeMutexRecursive
                0x0000000040083ff4       0x51 /home/gombe/bin/esp/esp-idf/examples/peripherals/lcdtest/build/freertos/libfreertos.a(queue.o)
                0x0000000040083ff4                xQueueTakeMutexRecursive
 *fill*         0x0000000040084045        0x3 
 .text.xQueueReceiveFromISR
                0x0000000040084048       0xa4 /home/gombe/bin/esp/esp-idf/examples/peripherals/lcdtest/build/freertos/libfreertos.a(queue.o)
                                         0xb0 (size before relaxing)
                0x0000000040084048                xQueueReceiveFromISR
 .text.vQueueDelete
                0x00000000400840ec       0x25 /home/gombe/bin/esp/esp-idf/examples/peripherals/lcdtest/build/freertos/libfreertos.a(queue.o)
                                         0x28 (size before relaxing)
                0x00000000400840ec                vQueueDelete
 *fill*         0x0000000040084111        0x3 
 .text.vQueueWaitForMessageRestricted
                0x0000000040084114       0x23 /home/gombe/bin/esp/esp-idf/examples/peripherals/lcdtest/build/freertos/libfreertos.a(queue.o)
                                         0x2a (size before relaxing)
                0x0000000040084114                vQueueWaitForMessageRestricted
 *fill*         0x0000000040084137        0x1 
 .text.pxPortInitialiseStack
                0x0000000040084138       0x53 /home/gombe/bin/esp/esp-idf/examples/peripherals/lcdtest/build/freertos/libfreertos.a(port.o)
                0x0000000040084138                pxPortInitialiseStack
 *fill*         0x000000004008418b        0x1 
 .text.xPortStartScheduler
                0x000000004008418c       0x22 /home/gombe/bin/esp/esp-idf/examples/peripherals/lcdtest/build/freertos/libfreertos.a(port.o)
                                         0x2e (size before relaxing)
                0x000000004008418c                xPortStartScheduler
 *fill*         0x00000000400841ae        0x2 
 .text.xPortSysTickHandler
                0x00000000400841b0       0x10 /home/gombe/bin/esp/esp-idf/examples/peripherals/lcdtest/build/freertos/libfreertos.a(port.o)
                                         0x16 (size before relaxing)
                0x00000000400841b0                xPortSysTickHandler
 *fill*         0x00000000400841c0        0x0 
 .text.vPortYieldOtherCore
                0x00000000400841c0        0xa /home/gombe/bin/esp/esp-idf/examples/peripherals/lcdtest/build/freertos/libfreertos.a(port.o)
                                          0xe (size before relaxing)
                0x00000000400841c0                vPortYieldOtherCore
 *fill*         0x00000000400841ca        0x2 
 .text.xPortInIsrContext
                0x00000000400841cc       0x23 /home/gombe/bin/esp/esp-idf/examples/peripherals/lcdtest/build/freertos/libfreertos.a(port.o)
                0x00000000400841cc                xPortInIsrContext
 *fill*         0x00000000400841ef        0x1 
 .text.vPortCPUInitializeMutex
                0x00000000400841f0        0xd /home/gombe/bin/esp/esp-idf/examples/peripherals/lcdtest/build/freertos/libfreertos.a(port.o)
                0x00000000400841f0                vPortCPUInitializeMutex
 *fill*         0x00000000400841fd        0x3 
 .text.pvPortMallocTagged
                0x0000000040084200      0x1b8 /home/gombe/bin/esp/esp-idf/examples/peripherals/lcdtest/build/freertos/libfreertos.a(heap_regions.o)
                                        0x1bc (size before relaxing)
                0x0000000040084200                pvPortMallocTagged
 .text.vPortFreeTagged
                0x00000000400843b8       0xf6 /home/gombe/bin/esp/esp-idf/examples/peripherals/lcdtest/build/freertos/libfreertos.a(heap_regions.o)
                                         0xfe (size before relaxing)
                0x00000000400843b8                vPortFreeTagged
 *fill*         0x00000000400844ae        0x2 
 .text.vPortDefineHeapRegionsTagged
                0x00000000400844b0      0x1d7 /home/gombe/bin/esp/esp-idf/examples/peripherals/lcdtest/build/freertos/libfreertos.a(heap_regions.o)
                                        0x1e3 (size before relaxing)
                0x00000000400844b0                vPortDefineHeapRegionsTagged
 *fill*         0x0000000040084687        0x1 
 .text.unlikely.vTaskSetTimeOutState$part$4
                0x0000000040084688       0x18 /home/gombe/bin/esp/esp-idf/examples/peripherals/lcdtest/build/freertos/libfreertos.a(tasks.o)
                                         0x1b (size before relaxing)
 *fill*         0x00000000400846a0        0x0 
 .text.prvIdleTask
                0x00000000400846a0      0x169 /home/gombe/bin/esp/esp-idf/examples/peripherals/lcdtest/build/freertos/libfreertos.a(tasks.o)
                                        0x185 (size before relaxing)
 *fill*         0x0000000040084809        0x3 
 .text.prvAddNewTaskToReadyList$isra$6
                0x000000004008480c      0x2de /home/gombe/bin/esp/esp-idf/examples/peripherals/lcdtest/build/freertos/libfreertos.a(tasks.o)
                                        0x30a (size before relaxing)
 *fill*         0x0000000040084aea        0x2 
 .text.xTaskCreatePinnedToCore
                0x0000000040084aec      0x178 /home/gombe/bin/esp/esp-idf/examples/peripherals/lcdtest/build/freertos/libfreertos.a(tasks.o)
                                        0x194 (size before relaxing)
                0x0000000040084aec                xTaskCreatePinnedToCore
 .text.vTaskDelete
                0x0000000040084c64      0x256 /home/gombe/bin/esp/esp-idf/examples/peripherals/lcdtest/build/freertos/libfreertos.a(tasks.o)
                                        0x272 (size before relaxing)
                0x0000000040084c64                vTaskDelete
 *fill*         0x0000000040084eba        0x2 
 .text.vTaskDelay
                0x0000000040084ebc      0x176 /home/gombe/bin/esp/esp-idf/examples/peripherals/lcdtest/build/freertos/libfreertos.a(tasks.o)
                                        0x186 (size before relaxing)
                0x0000000040084ebc                vTaskDelay
 *fill*         0x0000000040085032        0x2 
 .text.vTaskStartScheduler
                0x0000000040085034       0xfc /home/gombe/bin/esp/esp-idf/examples/peripherals/lcdtest/build/freertos/libfreertos.a(tasks.o)
                                        0x120 (size before relaxing)
                0x0000000040085034                vTaskStartScheduler
 .text.__getreent
                0x0000000040085130       0x2a /home/gombe/bin/esp/esp-idf/examples/peripherals/lcdtest/build/freertos/libfreertos.a(tasks.o)
                0x0000000040085130                __getreent
 *fill*         0x000000004008515a        0x2 
 .text.vTaskSuspendAll
                0x000000004008515c       0x26 /home/gombe/bin/esp/esp-idf/examples/peripherals/lcdtest/build/freertos/libfreertos.a(tasks.o)
                0x000000004008515c                vTaskSuspendAll
 *fill*         0x0000000040085182        0x2 
 .text.xTaskGetTickCount
                0x0000000040085184       0xd6 /home/gombe/bin/esp/esp-idf/examples/peripherals/lcdtest/build/freertos/libfreertos.a(tasks.o)
                                         0xde (size before relaxing)
                0x0000000040085184                xTaskGetTickCount
 *fill*         0x000000004008525a        0x2 
 .text.pcTaskGetTaskName
                0x000000004008525c       0x3b /home/gombe/bin/esp/esp-idf/examples/peripherals/lcdtest/build/freertos/libfreertos.a(tasks.o)
                                         0x3f (size before relaxing)
                0x000000004008525c                pcTaskGetTaskName
 *fill*         0x0000000040085297        0x1 
 .text.xTaskIncrementTick
                0x0000000040085298      0x2a2 /home/gombe/bin/esp/esp-idf/examples/peripherals/lcdtest/build/freertos/libfreertos.a(tasks.o)
                                        0x2ba (size before relaxing)
                0x0000000040085298                xTaskIncrementTick
 *fill*         0x000000004008553a        0x2 
 .text.xTaskResumeAll
                0x000000004008553c      0x248 /home/gombe/bin/esp/esp-idf/examples/peripherals/lcdtest/build/freertos/libfreertos.a(tasks.o)
                                        0x258 (size before relaxing)
                0x000000004008553c                xTaskResumeAll
 .text.vTaskSwitchContext
                0x0000000040085784      0x1ad /home/gombe/bin/esp/esp-idf/examples/peripherals/lcdtest/build/freertos/libfreertos.a(tasks.o)
                                        0x1b5 (size before relaxing)
                0x0000000040085784                vTaskSwitchContext
 *fill*         0x0000000040085931        0x3 
 .text.vTaskPlaceOnEventList
                0x0000000040085934      0x192 /home/gombe/bin/esp/esp-idf/examples/peripherals/lcdtest/build/freertos/libfreertos.a(tasks.o)
                                        0x1a6 (size before relaxing)
                0x0000000040085934                vTaskPlaceOnEventList
 *fill*         0x0000000040085ac6        0x2 
 .text.vTaskPlaceOnEventListRestricted
                0x0000000040085ac8      0x16a /home/gombe/bin/esp/esp-idf/examples/peripherals/lcdtest/build/freertos/libfreertos.a(tasks.o)
                                        0x182 (size before relaxing)
                0x0000000040085ac8                vTaskPlaceOnEventListRestricted
 *fill*         0x0000000040085c32        0x2 
 .text.xTaskRemoveFromEventList
                0x0000000040085c34      0x13e /home/gombe/bin/esp/esp-idf/examples/peripherals/lcdtest/build/freertos/libfreertos.a(tasks.o)
                                        0x14e (size before relaxing)
                0x0000000040085c34                xTaskRemoveFromEventList
 *fill*         0x0000000040085d72        0x2 
 .text.vTaskSetTimeOutState
                0x0000000040085d74       0x1f /home/gombe/bin/esp/esp-idf/examples/peripherals/lcdtest/build/freertos/libfreertos.a(tasks.o)
                                         0x22 (size before relaxing)
                0x0000000040085d74                vTaskSetTimeOutState
 *fill*         0x0000000040085d93        0x1 
 .text.xTaskCheckForTimeOut
                0x0000000040085d94      0x15a /home/gombe/bin/esp/esp-idf/examples/peripherals/lcdtest/build/freertos/libfreertos.a(tasks.o)
                                        0x162 (size before relaxing)
                0x0000000040085d94                xTaskCheckForTimeOut
 *fill*         0x0000000040085eee        0x2 
 .text.xTaskGetAffinity
                0x0000000040085ef0       0x25 /home/gombe/bin/esp/esp-idf/examples/peripherals/lcdtest/build/freertos/libfreertos.a(tasks.o)
                0x0000000040085ef0                xTaskGetAffinity
 *fill*         0x0000000040085f15        0x3 
 .text.xTaskGetCurrentTaskHandle
                0x0000000040085f18       0x1f /home/gombe/bin/esp/esp-idf/examples/peripherals/lcdtest/build/freertos/libfreertos.a(tasks.o)
                0x0000000040085f18                xTaskGetCurrentTaskHandle
 *fill*         0x0000000040085f37        0x1 
 .text.xTaskGetCurrentTaskHandleForCPU
                0x0000000040085f38       0x17 /home/gombe/bin/esp/esp-idf/examples/peripherals/lcdtest/build/freertos/libfreertos.a(tasks.o)
                0x0000000040085f38                xTaskGetCurrentTaskHandleForCPU
 *fill*         0x0000000040085f4f        0x1 
 .text.xTaskGetSchedulerState
                0x0000000040085f50       0x34 /home/gombe/bin/esp/esp-idf/examples/peripherals/lcdtest/build/freertos/libfreertos.a(tasks.o)
                0x0000000040085f50                xTaskGetSchedulerState
 .text.vTaskPriorityInherit
                0x0000000040085f84      0x224 /home/gombe/bin/esp/esp-idf/examples/peripherals/lcdtest/build/freertos/libfreertos.a(tasks.o)
                                        0x23c (size before relaxing)
                0x0000000040085f84                vTaskPriorityInherit
 .text.xTaskPriorityDisinherit
                0x00000000400861a8      0x200 /home/gombe/bin/esp/esp-idf/examples/peripherals/lcdtest/build/freertos/libfreertos.a(tasks.o)
                                        0x214 (size before relaxing)
                0x00000000400861a8                xTaskPriorityDisinherit
 .text.vTaskEnterCritical
                0x00000000400863a8       0x6a /home/gombe/bin/esp/esp-idf/examples/peripherals/lcdtest/build/freertos/libfreertos.a(tasks.o)
                0x00000000400863a8                vTaskEnterCritical
 *fill*         0x0000000040086412        0x2 
 .text.vTaskExitCritical
                0x0000000040086414       0x6b /home/gombe/bin/esp/esp-idf/examples/peripherals/lcdtest/build/freertos/libfreertos.a(tasks.o)
                                         0x6f (size before relaxing)
                0x0000000040086414                vTaskExitCritical
 *fill*         0x000000004008647f        0x1 
 .text.pvTaskIncrementMutexHeldCount
                0x0000000040086480      0x106 /home/gombe/bin/esp/esp-idf/examples/peripherals/lcdtest/build/freertos/libfreertos.a(tasks.o)
                                        0x112 (size before relaxing)
                0x0000000040086480                pvTaskIncrementMutexHeldCount
 *fill*         0x0000000040086586        0x2 
 .text.unlikely.prvCheckForValidListAndQueue$part$1
                0x0000000040086588       0x18 /home/gombe/bin/esp/esp-idf/examples/peripherals/lcdtest/build/freertos/libfreertos.a(timers.o)
                                         0x1b (size before relaxing)
 *fill*         0x00000000400865a0        0x0 
 .text.prvSwitchTimerLists
                0x00000000400865a0       0x83 /home/gombe/bin/esp/esp-idf/examples/peripherals/lcdtest/build/freertos/libfreertos.a(timers.o)
                                         0x8e (size before relaxing)
 *fill*         0x0000000040086623        0x1 
 .text.xTimerCreateTimerTask
                0x0000000040086624       0x87 /home/gombe/bin/esp/esp-idf/examples/peripherals/lcdtest/build/freertos/libfreertos.a(timers.o)
                                         0x9b (size before relaxing)
                0x0000000040086624                xTimerCreateTimerTask
 *fill*         0x00000000400866ab        0x1 
 .text.xTimerGenericCommand
                0x00000000400866ac       0x50 /home/gombe/bin/esp/esp-idf/examples/peripherals/lcdtest/build/freertos/libfreertos.a(timers.o)
                                         0x58 (size before relaxing)
                0x00000000400866ac                xTimerGenericCommand
 .text.prvTimerTask
                0x00000000400866fc      0x22b /home/gombe/bin/esp/esp-idf/examples/peripherals/lcdtest/build/freertos/libfreertos.a(timers.o)
                                        0x26b (size before relaxing)
 *fill*         0x0000000040086927        0x1 
 .text          0x0000000040086928      0x12b /home/gombe/bin/esp/esp-idf/examples/peripherals/lcdtest/build/freertos/libfreertos.a(xtensa_context.o)
                0x0000000040086928                _xt_context_save
                0x0000000040086990                _xt_context_restore
                0x00000000400869d4                _xt_coproc_init
                0x00000000400869e8                _xt_coproc_release
                0x0000000040086a14                _xt_coproc_savecs
                0x0000000040086a34                _xt_coproc_restorecs
 *fill*         0x0000000040086a53        0x1 
 .text          0x0000000040086a54      0x1cc /home/gombe/bin/esp/esp-idf/examples/peripherals/lcdtest/build/freertos/libfreertos.a(portasm.o)
                0x0000000040086a54                _frxt_setup_switch
                0x0000000040086a6c                _frxt_int_enter
                0x0000000040086ab4                _frxt_int_exit
                0x0000000040086b04                _frxt_timer_int
                0x0000000040086b28                _frxt_tick_timer_init
                0x0000000040086b40                _frxt_dispatch
                0x0000000040086b88                vPortYield
                0x0000000040086bd4                vPortYieldFromInt
                0x0000000040086bf4                _frxt_task_coproc_state
 .text._xt_tick_divisor_init
                0x0000000040086c20        0xd /home/gombe/bin/esp/esp-idf/examples/peripherals/lcdtest/build/freertos/libfreertos.a(xtensa_init.o)
                0x0000000040086c20                _xt_tick_divisor_init
 *fill*         0x0000000040086c2d        0x0 
 *fill*         0x0000000040086c2d        0x0 
 *fill*         0x0000000040086c2d        0x0 
 *fill*         0x0000000040086c2d        0x0 
 *fill*         0x0000000040086c2d        0x0 
 *fill*         0x0000000040086c2d        0x0 
 *fill*         0x0000000040086c2d        0x0 
 *fill*         0x0000000040086c2d        0x0 
 *fill*         0x0000000040086c2d        0x3 
 .text.vListInitialise
                0x0000000040086c30       0x15 /home/gombe/bin/esp/esp-idf/examples/peripherals/lcdtest/build/freertos/libfreertos.a(list.o)
                0x0000000040086c30                vListInitialise
 *fill*         0x0000000040086c45        0x3 
 .text.vListInitialiseItem
                0x0000000040086c48        0x9 /home/gombe/bin/esp/esp-idf/examples/peripherals/lcdtest/build/freertos/libfreertos.a(list.o)
                0x0000000040086c48                vListInitialiseItem
 *fill*         0x0000000040086c51        0x3 
 .text.vListInsertEnd
                0x0000000040086c54       0x1b /home/gombe/bin/esp/esp-idf/examples/peripherals/lcdtest/build/freertos/libfreertos.a(list.o)
                0x0000000040086c54                vListInsertEnd
 *fill*         0x0000000040086c6f        0x1 
 .text.vListInsert
                0x0000000040086c70       0x2d /home/gombe/bin/esp/esp-idf/examples/peripherals/lcdtest/build/freertos/libfreertos.a(list.o)
                0x0000000040086c70                vListInsert
 *fill*         0x0000000040086c9d        0x3 
 .text.uxListRemove
                0x0000000040086ca0       0x24 /home/gombe/bin/esp/esp-idf/examples/peripherals/lcdtest/build/freertos/libfreertos.a(list.o)
                0x0000000040086ca0                uxListRemove
 *fill*         0x0000000040086cc4        0x0 
 *fill*         0x0000000040086cc4        0x0 
 *fill*         0x0000000040086cc4        0x0 
 *fill*         0x0000000040086cc4        0x0 
 .text.vPortStoreTaskMPUSettings
                0x0000000040086cc4       0x14 /home/gombe/bin/esp/esp-idf/examples/peripherals/lcdtest/build/freertos/libfreertos.a(port.o)
                0x0000000040086cc4                vPortStoreTaskMPUSettings
 *fill*         0x0000000040086cd8        0x0 
 *fill*         0x0000000040086cd8        0x0 
 .text.vPortCPUAcquireMutex
                0x0000000040086cd8        0x5 /home/gombe/bin/esp/esp-idf/examples/peripherals/lcdtest/build/freertos/libfreertos.a(port.o)
                0x0000000040086cd8                vPortCPUAcquireMutex
 *fill*         0x0000000040086cdd        0x3 
 .text.vPortCPUReleaseMutex
                0x0000000040086ce0        0x7 /home/gombe/bin/esp/esp-idf/examples/peripherals/lcdtest/build/freertos/libfreertos.a(port.o)
                0x0000000040086ce0                vPortCPUReleaseMutex
 *fill*         0x0000000040086ce7        0x0 
 *fill*         0x0000000040086ce7        0x0 
 *fill*         0x0000000040086ce7        0x0 
 *fill*         0x0000000040086ce7        0x0 
 *fill*         0x0000000040086ce7        0x0 
 *fill*         0x0000000040086ce7        0x0 
 *fill*         0x0000000040086ce7        0x0 
 *fill*         0x0000000040086ce7        0x0 
 *fill*         0x0000000040086ce7        0x0 
 *fill*         0x0000000040086ce7        0x0 
 *fill*         0x0000000040086ce7        0x0 
 *fill*         0x0000000040086ce7        0x0 
 *fill*         0x0000000040086ce7        0x0 
 *fill*         0x0000000040086ce7        0x0 
 *fill*         0x0000000040086ce7        0x0 
 *fill*         0x0000000040086ce7        0x0 
 *fill*         0x0000000040086ce7        0x0 
 *fill*         0x0000000040086ce7        0x0 
 *fill*         0x0000000040086ce7        0x0 
 *fill*         0x0000000040086ce7        0x0 
 *fill*         0x0000000040086ce7        0x0 
 *fill*         0x0000000040086ce7        0x0 
 *fill*         0x0000000040086ce7        0x0 
 *fill*         0x0000000040086ce7        0x0 
 *fill*         0x0000000040086ce7        0x0 
 *fill*         0x0000000040086ce7        0x0 
 *fill*         0x0000000040086ce7        0x0 
 *fill*         0x0000000040086ce7        0x0 
 *fill*         0x0000000040086ce7        0x1 
 .text          0x0000000040086ce8       0x33 /home/gombe/bin/esp/esp-idf/examples/peripherals/lcdtest/build/freertos/libfreertos.a(xtensa_intr_asm.o)
                0x0000000040086ce8                xt_ints_on
                0x0000000040086d00                xt_ints_off
 *fill*         0x0000000040086d1b        0x0 
 *fill*         0x0000000040086d1b        0x0 
 *libesp32.a:panic.o(.literal .text .literal.* .text.*)
 *fill*         0x0000000040086d1b        0x1 
 .text.panicPutHex
                0x0000000040086d1c       0x46 /home/gombe/bin/esp/esp-idf/examples/peripherals/lcdtest/build/esp32/libesp32.a(panic.o)
 *fill*         0x0000000040086d62        0x2 
 .text.unlikely.putEntry
                0x0000000040086d64       0x72 /home/gombe/bin/esp/esp-idf/examples/peripherals/lcdtest/build/esp32/libesp32.a(panic.o)
                                         0x76 (size before relaxing)
 *fill*         0x0000000040086dd6        0x2 
 .text.commonErrorHandler
                0x0000000040086dd8      0x39b /home/gombe/bin/esp/esp-idf/examples/peripherals/lcdtest/build/esp32/libesp32.a(panic.o)
                                        0x3a3 (size before relaxing)
 *fill*         0x0000000040087173        0x1 
 .text.abort    0x0000000040087174       0x3c /home/gombe/bin/esp/esp-idf/examples/peripherals/lcdtest/build/esp32/libesp32.a(panic.o)
                0x0000000040087174                abort
 .text.vApplicationStackOverflowHook
                0x00000000400871b0       0x78 /home/gombe/bin/esp/esp-idf/examples/peripherals/lcdtest/build/esp32/libesp32.a(panic.o)
                                         0x7c (size before relaxing)
                0x00000000400871b0                vApplicationStackOverflowHook
 .text.panicHandler
                0x0000000040087228      0x313 /home/gombe/bin/esp/esp-idf/examples/peripherals/lcdtest/build/esp32/libesp32.a(panic.o)
                                        0x317 (size before relaxing)
                0x0000000040087228                panicHandler
 *fill*         0x000000004008753b        0x1 
 .text.xt_unhandled_exception
                0x000000004008753c      0x1e8 /home/gombe/bin/esp/esp-idf/examples/peripherals/lcdtest/build/esp32/libesp32.a(panic.o)
                                        0x1f0 (size before relaxing)
                0x000000004008753c                xt_unhandled_exception
 .text.esp_panic_wdt_stop
                0x0000000040087724       0x44 /home/gombe/bin/esp/esp-idf/examples/peripherals/lcdtest/build/esp32/libesp32.a(panic.o)
                0x0000000040087724                esp_panic_wdt_stop
 *fill*         0x0000000040087768        0x0 
 *fill*         0x0000000040087768        0x0 
 *fill*         0x0000000040087768        0x0 
 *fill*         0x0000000040087768        0x0 
 *fill*         0x0000000040087768        0x0 
 *libesp32.a:core_dump.o(.literal .text .literal.* .text.*)
 *libesp32.a:heap_alloc_caps.o(.literal .text .literal.* .text.*)
 .text.disable_mem_region
                0x0000000040087768       0xbc /home/gombe/bin/esp/esp-idf/examples/peripherals/lcdtest/build/esp32/libesp32.a(heap_alloc_caps.o)
 .text.heap_alloc_enable_nonos_stack_tag
                0x0000000040087824        0xd /home/gombe/bin/esp/esp-idf/examples/peripherals/lcdtest/build/esp32/libesp32.a(heap_alloc_caps.o)
                0x0000000040087824                heap_alloc_enable_nonos_stack_tag
 *fill*         0x0000000040087831        0x3 
 .text.heap_alloc_caps_init
                0x0000000040087834       0xe3 /home/gombe/bin/esp/esp-idf/examples/peripherals/lcdtest/build/esp32/libesp32.a(heap_alloc_caps.o)
                                         0xfb (size before relaxing)
                0x0000000040087834                heap_alloc_caps_init
 *fill*         0x0000000040087917        0x1 
 .text.vPortFree
                0x0000000040087918       0x23 /home/gombe/bin/esp/esp-idf/examples/peripherals/lcdtest/build/esp32/libesp32.a(heap_alloc_caps.o)
                                         0x26 (size before relaxing)
                0x0000000040087918                vPortFree
 *fill*         0x000000004008793b        0x1 
 .text.pvPortMallocCaps
                0x000000004008793c      0x20c /home/gombe/bin/esp/esp-idf/examples/peripherals/lcdtest/build/esp32/libesp32.a(heap_alloc_caps.o)
                                        0x218 (size before relaxing)
                0x000000004008793c                pvPortMallocCaps
 .text.pvPortMalloc
                0x0000000040087b48       0x11 /home/gombe/bin/esp/esp-idf/examples/peripherals/lcdtest/build/esp32/libesp32.a(heap_alloc_caps.o)
                0x0000000040087b48                pvPortMalloc
 *fill*         0x0000000040087b59        0x0 
 *fill*         0x0000000040087b59        0x0 
 *fill*         0x0000000040087b59        0x0 
 *libesp32.a:app_trace.o(.literal .text .literal.* .text.*)
 *libphy.a:(.literal .text .literal.* .text.*)
 *librtc.a:(.literal .text .literal.* .text.*)
 *libsoc.a:(.literal .text .literal.* .text.*)
 *fill*         0x0000000040087b59        0x3 
 .text.rtc_clk_slow_freq_set
                0x0000000040087b5c       0x27 /home/gombe/bin/esp/esp-idf/examples/peripherals/lcdtest/build/soc/libsoc.a(rtc_clk.o)
                0x0000000040087b5c                rtc_clk_slow_freq_set
 *fill*         0x0000000040087b83        0x1 
 .text.rtc_clk_slow_freq_get_hz
                0x0000000040087b84       0x1e /home/gombe/bin/esp/esp-idf/examples/peripherals/lcdtest/build/soc/libsoc.a(rtc_clk.o)
                0x0000000040087b84                rtc_clk_slow_freq_get_hz
 *fill*         0x0000000040087ba2        0x2 
 .text.rtc_clk_fast_freq_set
                0x0000000040087ba4       0x2a /home/gombe/bin/esp/esp-idf/examples/peripherals/lcdtest/build/soc/libsoc.a(rtc_clk.o)
                0x0000000040087ba4                rtc_clk_fast_freq_set
 *fill*         0x0000000040087bce        0x2 
 .text.rtc_clk_bbpll_set
                0x0000000040087bd0      0x163 /home/gombe/bin/esp/esp-idf/examples/peripherals/lcdtest/build/soc/libsoc.a(rtc_clk.o)
                0x0000000040087bd0                rtc_clk_bbpll_set
 *fill*         0x0000000040087d33        0x1 
 .text.rtc_clk_cpu_freq_set
                0x0000000040087d34      0x1ef /home/gombe/bin/esp/esp-idf/examples/peripherals/lcdtest/build/soc/libsoc.a(rtc_clk.o)
                                        0x1ff (size before relaxing)
                0x0000000040087d34                rtc_clk_cpu_freq_set
 *fill*         0x0000000040087f23        0x1 
 .text.rtc_clk_xtal_freq_get
                0x0000000040087f24       0x36 /home/gombe/bin/esp/esp-idf/examples/peripherals/lcdtest/build/soc/libsoc.a(rtc_clk.o)
                                         0x3a (size before relaxing)
                0x0000000040087f24                rtc_get_xtal
                0x0000000040087f24                rtc_clk_xtal_freq_get
 *fill*         0x0000000040087f5a        0x2 
 .text.rtc_clk_apb_freq_get
                0x0000000040087f5c       0x13 /home/gombe/bin/esp/esp-idf/examples/peripherals/lcdtest/build/soc/libsoc.a(rtc_clk.o)
                0x0000000040087f5c                rtc_clk_apb_freq_get
 *fill*         0x0000000040087f6f        0x1 
 .text.rtc_clk_cal_internal
                0x0000000040087f70      0x16a /home/gombe/bin/esp/esp-idf/examples/peripherals/lcdtest/build/soc/libsoc.a(rtc_time.o)
                                        0x16e (size before relaxing)
 *fill*         0x00000000400880da        0x2 
 .text.rtc_clk_cal
                0x00000000400880dc       0x4c /home/gombe/bin/esp/esp-idf/examples/peripherals/lcdtest/build/soc/libsoc.a(rtc_time.o)
                                         0x54 (size before relaxing)
                0x00000000400880dc                rtc_clk_cal
 .text.rtc_time_get
                0x0000000040088128       0x58 /home/gombe/bin/esp/esp-idf/examples/peripherals/lcdtest/build/soc/libsoc.a(rtc_time.o)
                0x0000000040088128                rtc_time_get
 .text.rtc_init
                0x0000000040088180      0x327 /home/gombe/bin/esp/esp-idf/examples/peripherals/lcdtest/build/soc/libsoc.a(rtc_init.o)
                0x0000000040088180                rtc_init
 *fill*         0x00000000400884a7        0x0 
 *fill*         0x00000000400884a7        0x0 
 *fill*         0x00000000400884a7        0x0 
 *fill*         0x00000000400884a7        0x0 
 *fill*         0x00000000400884a7        0x0 
 *fill*         0x00000000400884a7        0x0 
 *fill*         0x00000000400884a7        0x0 
 *fill*         0x00000000400884a7        0x0 
 *fill*         0x00000000400884a7        0x0 
 *libhal.a:(.literal .text .literal.* .text.*)
 *fill*         0x00000000400884a7        0x1 
 .text          0x00000000400884a8      0x137 /home/gombe/bin/esp/esp-idf/components/esp32/libhal.a(windowspill_asm.o)
                0x00000000400884a8                xthal_window_spill_nw
                0x00000000400884a8                xthal_spill_registers_into_stack_nw
                0x00000000400885bc                xthal_window_spill
 *fill*         0x00000000400885df        0x1 
 .text          0x00000000400885e0        0x8 /home/gombe/bin/esp/esp-idf/components/esp32/libhal.a(int_asm--set_intclear.o)
                0x00000000400885e0                xthal_set_intclear
 .text          0x00000000400885e8       0x48 /home/gombe/bin/esp/esp-idf/components/esp32/libhal.a(clock.o)
                0x00000000400885e8                xthal_get_ccount
                0x00000000400885f0                xthal_set_ccompare
                0x0000000040088610                xthal_get_ccompare
 *fill*         0x0000000040088630        0x0 
 .text          0x0000000040088630       0x3e /home/gombe/bin/esp/esp-idf/components/esp32/libhal.a(state_asm--restore_extra_nw.o)
                0x0000000040088630                xthal_restore_extra_nw
 *fill*         0x000000004008866e        0x2 
 .text          0x0000000040088670       0x3e /home/gombe/bin/esp/esp-idf/components/esp32/libhal.a(state_asm--save_extra_nw.o)
                0x0000000040088670                xthal_save_extra_nw
 *libspi_flash.a:spi_flash_rom_patch.o(.literal .text .literal.* .text.*)
 *fill*         0x00000000400886ae        0x2 
 .text.esp_rom_spiflash_program_page_internal$part$0$constprop$6
                0x00000000400886b0      0x2fe /home/gombe/bin/esp/esp-idf/examples/peripherals/lcdtest/build/spi_flash/libspi_flash.a(spi_flash_rom_patch.o)
 *fill*         0x00000000400889ae        0x2 
 .text.esp_rom_spiflash_unlock
                0x00000000400889b0      0x2bc /home/gombe/bin/esp/esp-idf/examples/peripherals/lcdtest/build/spi_flash/libspi_flash.a(spi_flash_rom_patch.o)
                0x00000000400889b0                esp_rom_spiflash_unlock
 .text.esp_rom_spiflash_erase_block
                0x0000000040088c6c      0x200 /home/gombe/bin/esp/esp-idf/examples/peripherals/lcdtest/build/spi_flash/libspi_flash.a(spi_flash_rom_patch.o)
                0x0000000040088c6c                esp_rom_spiflash_erase_block
 .text.esp_rom_spiflash_erase_sector
                0x0000000040088e6c      0x20a /home/gombe/bin/esp/esp-idf/examples/peripherals/lcdtest/build/spi_flash/libspi_flash.a(spi_flash_rom_patch.o)
                0x0000000040088e6c                esp_rom_spiflash_erase_sector
 *fill*         0x0000000040089076        0x2 
 .text.esp_rom_spiflash_write
                0x0000000040089078      0x11c /home/gombe/bin/esp/esp-idf/examples/peripherals/lcdtest/build/spi_flash/libspi_flash.a(spi_flash_rom_patch.o)
                0x0000000040089078                esp_rom_spiflash_write
 .text.esp_rom_spiflash_write_encrypted
                0x0000000040089194      0x18f /home/gombe/bin/esp/esp-idf/examples/peripherals/lcdtest/build/spi_flash/libspi_flash.a(spi_flash_rom_patch.o)
                                        0x193 (size before relaxing)
                0x0000000040089194                esp_rom_spiflash_write_encrypted
 *fill*         0x0000000040089323        0x1 
 .text.esp_rom_spiflash_read
                0x0000000040089324      0x4ce /home/gombe/bin/esp/esp-idf/examples/peripherals/lcdtest/build/spi_flash/libspi_flash.a(spi_flash_rom_patch.o)
                0x0000000040089324                esp_rom_spiflash_read
 *fill*         0x00000000400897f2        0x0 
 *fill*         0x00000000400897f2        0x0 
 *fill*         0x00000000400897f2        0x0 
 *fill*         0x00000000400897f2        0x0 
                0x00000000400897f2                _iram_text_end = ABSOLUTE (.)

.dram0.data     0x000000003ffb0000     0x1398
                0x000000003ffb0000                _data_start = ABSOLUTE (.)
 *(.data)
 .data          0x000000003ffb0000        0x0 /home/gombe/bin/esp/esp-idf/examples/peripherals/lcdtest/build/cxx/libcxx.a(cxx_guards.o)
 .data          0x000000003ffb0000        0x0 /home/gombe/bin/esp/esp-idf/examples/peripherals/lcdtest/build/esp32/libesp32.a(panic.o)
 .data          0x000000003ffb0000        0x0 /home/gombe/bin/esp/esp-idf/examples/peripherals/lcdtest/build/esp32/libesp32.a(system_api.o)
 .data          0x000000003ffb0000        0x0 /home/gombe/bin/esp/esp-idf/examples/peripherals/lcdtest/build/esp32/libesp32.a(cpu_start.o)
 .data          0x000000003ffb0000        0x0 /home/gombe/bin/esp/esp-idf/examples/peripherals/lcdtest/build/esp32/libesp32.a(heap_alloc_caps.o)
 .data          0x000000003ffb0000        0x0 /home/gombe/bin/esp/esp-idf/examples/peripherals/lcdtest/build/esp32/libesp32.a(cache_err_int.o)
 .data          0x000000003ffb0000        0x0 /home/gombe/bin/esp/esp-idf/examples/peripherals/lcdtest/build/esp32/libesp32.a(ipc.o)
 .data          0x000000003ffb0000        0x0 /home/gombe/bin/esp/esp-idf/examples/peripherals/lcdtest/build/esp32/libesp32.a(int_wdt.o)
 .data          0x000000003ffb0000        0x0 /home/gombe/bin/esp/esp-idf/examples/peripherals/lcdtest/build/esp32/libesp32.a(clk.o)
 .data          0x000000003ffb0000        0x0 /home/gombe/bin/esp/esp-idf/examples/peripherals/lcdtest/build/esp32/libesp32.a(task_wdt.o)
 .data          0x000000003ffb0000        0x0 /home/gombe/bin/esp/esp-idf/examples/peripherals/lcdtest/build/esp32/libesp32.a(crosscore_int.o)
 .data          0x000000003ffb0000        0x0 /home/gombe/bin/esp/esp-idf/examples/peripherals/lcdtest/build/esp32/libesp32.a(freertos_hooks.o)
 .data          0x000000003ffb0000        0x0 /home/gombe/bin/esp/esp-idf/examples/peripherals/lcdtest/build/esp32/libesp32.a(intr_alloc.o)
 .data          0x000000003ffb0000        0x0 /home/gombe/bin/esp/esp-idf/components/esp32/libhal.a(int_asm--set_intclear.o)
 .data          0x000000003ffb0000        0x0 /home/gombe/bin/esp/esp-idf/examples/peripherals/lcdtest/build/freertos/libfreertos.a(xtensa_intr.o)
 .data          0x000000003ffb0000        0x0 /home/gombe/bin/esp/esp-idf/examples/peripherals/lcdtest/build/freertos/libfreertos.a(queue.o)
 .data          0x000000003ffb0000        0x0 /home/gombe/bin/esp/esp-idf/examples/peripherals/lcdtest/build/freertos/libfreertos.a(list.o)
 .data          0x000000003ffb0000        0x0 /home/gombe/bin/esp/esp-idf/examples/peripherals/lcdtest/build/freertos/libfreertos.a(port.o)
 .data          0x000000003ffb0000        0x0 /home/gombe/bin/esp/esp-idf/examples/peripherals/lcdtest/build/freertos/libfreertos.a(heap_regions.o)
 .data          0x000000003ffb0000        0x0 /home/gombe/bin/esp/esp-idf/examples/peripherals/lcdtest/build/freertos/libfreertos.a(tasks.o)
 .data          0x000000003ffb0000        0x0 /home/gombe/bin/esp/esp-idf/examples/peripherals/lcdtest/build/freertos/libfreertos.a(timers.o)
 .data          0x000000003ffb0000      0x200 /home/gombe/bin/esp/esp-idf/examples/peripherals/lcdtest/build/freertos/libfreertos.a(xtensa_intr_asm.o)
                0x000000003ffb0000                _xt_interrupt_table
                0x000000003ffb0100                _xt_exception_table
 .data          0x000000003ffb0200        0x0 /home/gombe/bin/esp/esp-idf/examples/peripherals/lcdtest/build/freertos/libfreertos.a(xtensa_context.o)
 .data          0x000000003ffb0200        0x4 /home/gombe/bin/esp/esp-idf/examples/peripherals/lcdtest/build/freertos/libfreertos.a(xtensa_vectors.o)
                0x000000003ffb0200                _xt_coproc_owner_sa
 *fill*         0x000000003ffb0204        0xc 
 .data          0x000000003ffb0210      0x608 /home/gombe/bin/esp/esp-idf/examples/peripherals/lcdtest/build/freertos/libfreertos.a(portasm.o)
                0x000000003ffb0210                port_IntStack
                0x000000003ffb0810                port_IntStackTop
 .data          0x000000003ffb0818        0x0 /home/gombe/bin/esp/esp-idf/examples/peripherals/lcdtest/build/freertos/libfreertos.a(xtensa_init.o)
 .data          0x000000003ffb0818        0x0 /home/gombe/bin/esp/esp-idf/examples/peripherals/lcdtest/build/log/liblog.a(log.o)
 .data          0x000000003ffb0818        0x0 /home/gombe/bin/esp/esp-idf/components/newlib/lib/libc.a(lib_a-fopen.o)
 .data          0x000000003ffb0818        0x0 /home/gombe/bin/esp/esp-idf/components/newlib/lib/libc.a(lib_a-fseek.o)
 .data          0x000000003ffb0818        0x0 /home/gombe/bin/esp/esp-idf/components/newlib/lib/libc.a(lib_a-fseeko.o)
 .data          0x000000003ffb0818        0x0 /home/gombe/bin/esp/esp-idf/components/newlib/lib/libc.a(lib_a-reent.o)
 .data          0x000000003ffb0818        0x0 /home/gombe/bin/esp/esp-idf/components/newlib/lib/libc.a(lib_a-vprintf.o)
 .data          0x000000003ffb0818        0x0 /home/gombe/bin/esp/esp-idf/components/newlib/lib/libc.a(lib_a-flags.o)
 .data          0x000000003ffb0818        0x0 /home/gombe/bin/esp/esp-idf/components/newlib/lib/libc.a(lib_a-vfprintf.o)
 .data          0x000000003ffb0818        0x0 /home/gombe/bin/esp/esp-idf/components/newlib/lib/libc.a(lib_a-dtoa.o)
 .data          0x000000003ffb0818        0x0 /home/gombe/bin/esp/esp-idf/components/newlib/lib/libc.a(lib_a-mprec.o)
 .data          0x000000003ffb0818        0x0 /home/gombe/bin/esp/esp-idf/components/newlib/lib/libc.a(lib_a-s_frexp.o)
 .data          0x000000003ffb0818        0x0 /home/gombe/bin/esp/esp-idf/components/newlib/lib/libc.a(lib_a-svfiprintf.o)
 .data          0x000000003ffb0818        0x0 /home/gombe/bin/esp/esp-idf/components/newlib/lib/libc.a(lib_a-vfiprintf.o)
 .data          0x000000003ffb0818        0x0 /home/gombe/bin/esp/esp-idf/components/newlib/lib/libm.a(lib_a-s_fpclassify.o)
 .data          0x000000003ffb0818        0x0 /home/gombe/bin/esp/esp-idf/examples/peripherals/lcdtest/build/newlib/libnewlib.a(time.o)
 .data          0x000000003ffb0818        0x0 /home/gombe/bin/esp/esp-idf/examples/peripherals/lcdtest/build/newlib/libnewlib.a(reent_init.o)
 .data          0x000000003ffb0818        0x0 /home/gombe/bin/esp/esp-idf/examples/peripherals/lcdtest/build/newlib/libnewlib.a(syscalls.o)
 .data          0x000000003ffb0818        0x0 /home/gombe/bin/esp/esp-idf/examples/peripherals/lcdtest/build/newlib/libnewlib.a(syscall_table.o)
 .data          0x000000003ffb0818        0x0 /home/gombe/bin/esp/esp-idf/examples/peripherals/lcdtest/build/newlib/libnewlib.a(locks.o)
 .data          0x000000003ffb0818        0x0 /home/gombe/bin/esp/esp-idf/examples/peripherals/lcdtest/build/soc/libsoc.a(rtc_clk.o)
 .data          0x000000003ffb0818        0x0 /home/gombe/bin/esp/esp-idf/examples/peripherals/lcdtest/build/soc/libsoc.a(cpu_util.o)
 .data          0x000000003ffb0818        0x0 /home/gombe/bin/esp/esp-idf/examples/peripherals/lcdtest/build/soc/libsoc.a(rtc_time.o)
 .data          0x000000003ffb0818        0x0 /home/gombe/bin/esp/esp-idf/examples/peripherals/lcdtest/build/soc/libsoc.a(rtc_init.o)
 .data          0x000000003ffb0818        0x0 /home/gombe/bin/esp/esp-idf/examples/peripherals/lcdtest/build/spi_flash/libspi_flash.a(cache_utils.o)
 .data          0x000000003ffb0818        0x0 /home/gombe/bin/esp/esp-idf/examples/peripherals/lcdtest/build/spi_flash/libspi_flash.a(flash_ops.o)
 .data          0x000000003ffb0818        0x0 /home/gombe/bin/esp/esp-idf/examples/peripherals/lcdtest/build/spi_flash/libspi_flash.a(flash_mmap.o)
 .data          0x000000003ffb0818        0x0 /home/gombe/bin/esp/esp-idf/examples/peripherals/lcdtest/build/spi_flash/libspi_flash.a(spi_flash_rom_patch.o)
 .data          0x000000003ffb0818        0x0 /home/gombe/bin/esp/esp-idf/examples/peripherals/lcdtest/build/vfs/libvfs.a(vfs_uart.o)
 .data          0x000000003ffb0818        0x0 /home/gombe/bin/esp/esp-idf/examples/peripherals/lcdtest/build/vfs/libvfs.a(vfs.o)
 .data          0x000000003ffb0818        0x0 /home/gombe/bin/esp/esp-idf/examples/peripherals/lcdtest/build/main/libmain.a(spi_master_example_main.o)
 .data          0x000000003ffb0818        0x0 /home/gombe/bin/esp/esp-idf/examples/peripherals/lcdtest/build/main/libmain.a(3dmain.o)
 .data          0x000000003ffb0818        0x0 /home/gombe/bin/esp/esp-idf/examples/peripherals/lcdtest/build/main/libmain.a(fvector3.o)
 .data          0x000000003ffb0818        0x0 /home/gombe/bin/esp/esp-idf/examples/peripherals/lcdtest/build/main/libmain.a(matrix4.o)
 .data          0x000000003ffb0818        0x0 /home/gombe/bin/esp/esp-idf/examples/peripherals/lcdtest/build/main/libmain.a(texturepoly.o)
 .data          0x000000003ffb0818        0x0 /home/gombe/bin/esp/esp-idf/examples/peripherals/lcdtest/build/main/libmain.a(vector2.o)
 .data          0x000000003ffb0818        0x0 /home/gombe/bin/esp/xtensa-esp32-elf/bin/../lib/gcc/xtensa-esp32-elf/5.2.0/libgcc.a(_divsf3.o)
 .data          0x000000003ffb0818        0x0 /home/gombe/bin/esp/xtensa-esp32-elf/bin/../lib/gcc/xtensa-esp32-elf/5.2.0/libgcc.a(_addsubdf3.o)
 .data          0x000000003ffb0818        0x0 /home/gombe/bin/esp/xtensa-esp32-elf/bin/../lib/gcc/xtensa-esp32-elf/5.2.0/libgcc.a(_muldf3.o)
 .data          0x000000003ffb0818        0x0 /home/gombe/bin/esp/xtensa-esp32-elf/bin/../lib/gcc/xtensa-esp32-elf/5.2.0/libgcc.a(_divdf3.o)
 .data          0x000000003ffb0818        0x0 /home/gombe/bin/esp/xtensa-esp32-elf/bin/../lib/gcc/xtensa-esp32-elf/5.2.0/libgcc.a(_cmpdf2.o)
 .data          0x000000003ffb0818        0x0 /home/gombe/bin/esp/xtensa-esp32-elf/bin/../lib/gcc/xtensa-esp32-elf/5.2.0/libgcc.a(_fixdfsi.o)
 .data          0x000000003ffb0818        0x0 /home/gombe/bin/esp/xtensa-esp32-elf/bin/../lib/gcc/xtensa-esp32-elf/5.2.0/libgcc.a(_floatsidf.o)
 .data          0x000000003ffb0818        0x0 /home/gombe/bin/esp/xtensa-esp32-elf/bin/../lib/gcc/xtensa-esp32-elf/5.2.0/libgcc.a(_truncdfsf2.o)
 .data          0x000000003ffb0818        0x0 /home/gombe/bin/esp/xtensa-esp32-elf/bin/../lib/gcc/xtensa-esp32-elf/5.2.0/libgcc.a(_extendsfdf2.o)
 .data          0x000000003ffb0818        0x0 /home/gombe/bin/esp/xtensa-esp32-elf/bin/../lib/gcc/xtensa-esp32-elf/5.2.0/libgcc.a(_udivdi3.o)
 .data          0x000000003ffb0818        0x0 /home/gombe/bin/esp/xtensa-esp32-elf/bin/../lib/gcc/xtensa-esp32-elf/5.2.0/libgcc.a(_umoddi3.o)
 .data          0x000000003ffb0818        0x0 /home/gombe/bin/esp/xtensa-esp32-elf/bin/../lib/gcc/xtensa-esp32-elf/5.2.0/../../../../xtensa-esp32-elf/lib/libstdc++.a(new_opv.o)
 .data          0x000000003ffb0818        0x0 /home/gombe/bin/esp/xtensa-esp32-elf/bin/../lib/gcc/xtensa-esp32-elf/5.2.0/../../../../xtensa-esp32-elf/lib/libstdc++.a(new_op.o)
 .data          0x000000003ffb0818        0x0 /home/gombe/bin/esp/xtensa-esp32-elf/bin/../lib/gcc/xtensa-esp32-elf/5.2.0/../../../../xtensa-esp32-elf/lib/libstdc++.a(new_handler.o)
 .data          0x000000003ffb0818        0x0 /home/gombe/bin/esp/esp-idf/examples/peripherals/lcdtest/build/driver/libdriver.a(spi_master.o)
 .data          0x000000003ffb0818        0x0 /home/gombe/bin/esp/esp-idf/examples/peripherals/lcdtest/build/driver/libdriver.a(spi_common.o)
 .data          0x000000003ffb0818        0x0 /home/gombe/bin/esp/esp-idf/examples/peripherals/lcdtest/build/driver/libdriver.a(gpio.o)